TimeQuest Timing Analyzer report for exe3
Mon Jan 08 09:54:48 2018
Quartus II Version 9.0 Build 132 02/25/2009 SJ Web Edition


---------------------
; Table of Contents ;
---------------------
  1. Legal Notice
  2. TimeQuest Timing Analyzer Summary
  3. Parallel Compilation
  4. Clocks
  5. Slow 1200mV 125C Model Fmax Summary
  6. Slow 1200mV 125C Model Setup Summary
  7. Slow 1200mV 125C Model Hold Summary
  8. Slow 1200mV 125C Model Recovery Summary
  9. Slow 1200mV 125C Model Removal Summary
 10. Slow 1200mV 125C Model Minimum Pulse Width
 11. Propagation Delay
 12. Minimum Propagation Delay
 13. Slow 1200mV -40C Model Fmax Summary
 14. Slow 1200mV -40C Model Setup Summary
 15. Slow 1200mV -40C Model Hold Summary
 16. Slow 1200mV -40C Model Recovery Summary
 17. Slow 1200mV -40C Model Removal Summary
 18. Slow 1200mV -40C Model Minimum Pulse Width
 19. Propagation Delay
 20. Minimum Propagation Delay
 21. Fast 1200mV -40C Model Setup Summary
 22. Fast 1200mV -40C Model Hold Summary
 23. Fast 1200mV -40C Model Recovery Summary
 24. Fast 1200mV -40C Model Removal Summary
 25. Fast 1200mV -40C Model Minimum Pulse Width
 26. Propagation Delay
 27. Minimum Propagation Delay
 28. Multicorner Timing Analysis Summary
 29. Progagation Delay
 30. Minimum Progagation Delay
 31. Board Trace Model Assignments
 32. Input Transition Times
 33. Slow Corner Signal Integrity Metrics
 34. Fast Corner Signal Integrity Metrics
 35. Clock Transfers
 36. Report TCCS
 37. Report RSKM
 38. Unconstrained Paths
 39. TimeQuest Timing Analyzer Messages



----------------
; Legal Notice ;
----------------
Copyright (C) 1991-2009 Altera Corporation
Your use of Altera Corporation's design tools, logic functions 
and other software and tools, and its AMPP partner logic 
functions, and any output files from any of the foregoing 
(including device programming or simulation files), and any 
associated documentation or information are expressly subject 
to the terms and conditions of the Altera Program License 
Subscription Agreement, Altera MegaCore Function License 
Agreement, or other applicable license agreement, including, 
without limitation, that your use is for the sole purpose of 
programming logic devices manufactured by Altera and sold by 
Altera or its authorized distributors.  Please refer to the 
applicable agreement for further details.



+----------------------------------------------------------------------+
; TimeQuest Timing Analyzer Summary                                    ;
+--------------------+-------------------------------------------------+
; Quartus II Version ; Version 9.0 Build 132 02/25/2009 SJ Web Edition ;
; Revision Name      ; exe3                                            ;
; Device Family      ; Cyclone III                                     ;
; Device Name        ; EP3C5E144A7                                     ;
; Timing Models      ; Final                                           ;
; Delay Model        ; Combined                                        ;
; Rise/Fall Delays   ; Enabled                                         ;
+--------------------+-------------------------------------------------+


Parallel compilation was disabled, but you have multiple processors available. Enable parallel compilation to reduce compilation time.
+-------------------------------------+
; Parallel Compilation                ;
+----------------------------+--------+
; Processors                 ; Number ;
+----------------------------+--------+
; Number detected on machine ; 4      ;
; Maximum allowed            ; 1      ;
+----------------------------+--------+


----------
; Clocks ;
----------
No clocks to report.


---------------------------------------
; Slow 1200mV 125C Model Fmax Summary ;
---------------------------------------
No paths to report.


----------------------------------------
; Slow 1200mV 125C Model Setup Summary ;
----------------------------------------
No paths to report.


---------------------------------------
; Slow 1200mV 125C Model Hold Summary ;
---------------------------------------
No paths to report.


-------------------------------------------
; Slow 1200mV 125C Model Recovery Summary ;
-------------------------------------------
No paths to report.


------------------------------------------
; Slow 1200mV 125C Model Removal Summary ;
------------------------------------------
No paths to report.


----------------------------------------------
; Slow 1200mV 125C Model Minimum Pulse Width ;
----------------------------------------------
Nothing to report.


+----------------------------------------------------------------+
; Propagation Delay                                              ;
+-------------+--------------+--------+--------+--------+--------+
; Input Port  ; Output Port  ; RR     ; RF     ; FR     ; FF     ;
+-------------+--------------+--------+--------+--------+--------+
; func_sel[0] ; op_result[0] ; 7.623  ; 7.569  ; 8.105  ; 8.091  ;
; func_sel[0] ; op_result[1] ; 9.896  ; 9.824  ; 10.405 ; 10.333 ;
; func_sel[0] ; op_result[2] ; 10.221 ; 10.246 ; 10.737 ; 10.684 ;
; func_sel[0] ; op_result[3] ; 10.041 ; 9.929  ; 10.505 ; 10.513 ;
; func_sel[0] ; op_result[4] ; 9.361  ; 9.288  ; 9.882  ; 9.804  ;
; func_sel[0] ; op_result[5] ; 10.260 ; 10.181 ; 10.654 ; 10.636 ;
; func_sel[0] ; op_result[6] ; 8.192  ; 8.321  ; 8.771  ; 8.622  ;
; func_sel[0] ; op_result[7] ; 9.774  ; 9.957  ; 10.352 ; 10.259 ;
; func_sel[1] ; op_result[0] ; 9.130  ; 9.188  ; 9.613  ; 9.536  ;
; func_sel[1] ; op_result[1] ; 8.990  ; 8.905  ; 9.421  ; 9.349  ;
; func_sel[1] ; op_result[2] ; 9.104  ; 9.087  ; 9.492  ; 9.518  ;
; func_sel[1] ; op_result[3] ; 8.426  ; 8.432  ; 8.947  ; 8.804  ;
; func_sel[1] ; op_result[4] ; 9.581  ; 9.503  ; 9.968  ; 9.899  ;
; func_sel[1] ; op_result[5] ; 10.595 ; 10.172 ; 10.654 ; 10.927 ;
; func_sel[1] ; op_result[6] ; 8.527  ; 8.309  ; 8.768  ; 8.913  ;
; func_sel[1] ; op_result[7] ; 10.109 ; 9.946  ; 10.349 ; 10.550 ;
; func_sel[2] ; op_result[0] ; 8.932  ; 8.869  ; 9.339  ; 9.285  ;
; func_sel[2] ; op_result[1] ; 8.570  ; 8.547  ; 9.140  ; 9.068  ;
; func_sel[2] ; op_result[2] ; 10.509 ; 10.614 ; 10.884 ; 11.029 ;
; func_sel[2] ; op_result[3] ; 10.242 ; 10.057 ; 10.493 ; 10.497 ;
; func_sel[2] ; op_result[4] ; 8.784  ; 8.717  ; 9.197  ; 9.167  ;
; func_sel[2] ; op_result[5] ; 10.285 ; 10.203 ; 10.647 ; 10.630 ;
; func_sel[2] ; op_result[6] ; 8.217  ; 8.343  ; 8.764  ; 8.616  ;
; func_sel[2] ; op_result[7] ; 9.799  ; 9.979  ; 10.345 ; 10.253 ;
; op_a[0]     ; op_result[0] ; 11.402 ; 11.368 ; 11.848 ; 11.844 ;
; op_a[0]     ; op_result[1] ; 12.712 ; 12.651 ; 13.149 ; 13.088 ;
; op_a[0]     ; op_result[2] ; 12.986 ; 13.116 ; 13.408 ; 13.483 ;
; op_a[0]     ; op_result[3] ; 13.330 ; 13.337 ; 13.784 ; 13.736 ;
; op_a[0]     ; op_result[4] ; 12.929 ; 12.889 ; 13.078 ; 13.093 ;
; op_a[0]     ; op_result[5] ; 13.497 ; 13.460 ; 13.914 ; 13.822 ;
; op_a[0]     ; op_result[6] ; 11.646 ; 11.619 ; 11.795 ; 11.823 ;
; op_a[0]     ; op_result[7] ; 13.205 ; 13.289 ; 13.622 ; 13.651 ;
; op_a[1]     ; op_result[0] ; 12.133 ; 12.187 ; 12.145 ; 12.401 ;
; op_a[1]     ; op_result[1] ; 11.703 ; 11.631 ; 12.085 ; 12.013 ;
; op_a[1]     ; op_result[2] ; 12.492 ; 12.586 ; 12.867 ; 12.921 ;
; op_a[1]     ; op_result[3] ; 13.564 ; 13.516 ; 13.996 ; 13.982 ;
; op_a[1]     ; op_result[4] ; 13.317 ; 13.277 ; 13.901 ; 13.861 ;
; op_a[1]     ; op_result[5] ; 14.030 ; 13.938 ; 14.469 ; 14.432 ;
; op_a[1]     ; op_result[6] ; 12.034 ; 12.007 ; 12.618 ; 12.591 ;
; op_a[1]     ; op_result[7] ; 14.016 ; 14.045 ; 14.387 ; 14.416 ;
; op_a[2]     ; op_result[0] ; 12.615 ; 12.871 ; 13.381 ; 13.435 ;
; op_a[2]     ; op_result[1] ; 11.341 ; 11.318 ; 12.029 ; 11.957 ;
; op_a[2]     ; op_result[2] ; 12.437 ; 12.531 ; 12.900 ; 12.994 ;
; op_a[2]     ; op_result[3] ; 13.653 ; 13.677 ; 14.142 ; 14.037 ;
; op_a[2]     ; op_result[4] ; 13.558 ; 13.534 ; 14.047 ; 14.007 ;
; op_a[2]     ; op_result[5] ; 14.809 ; 14.717 ; 14.947 ; 14.855 ;
; op_a[2]     ; op_result[6] ; 12.787 ; 12.760 ; 13.138 ; 13.111 ;
; op_a[2]     ; op_result[7] ; 14.795 ; 14.824 ; 14.933 ; 14.962 ;
; op_a[3]     ; op_result[0] ; 13.355 ; 13.611 ; 13.784 ; 13.838 ;
; op_a[3]     ; op_result[1] ; 12.081 ; 12.058 ; 12.432 ; 12.360 ;
; op_a[3]     ; op_result[2] ; 11.675 ;        ;        ; 12.094 ;
; op_a[3]     ; op_result[3] ; 12.907 ; 12.839 ; 13.277 ; 13.200 ;
; op_a[3]     ; op_result[4] ; 12.812 ; 12.772 ; 13.182 ; 13.142 ;
; op_a[3]     ; op_result[5] ; 13.971 ; 13.879 ; 14.332 ; 14.240 ;
; op_a[3]     ; op_result[6] ; 11.949 ; 11.922 ; 12.349 ; 12.322 ;
; op_a[3]     ; op_result[7] ; 13.957 ; 13.986 ; 14.318 ; 14.347 ;
; op_b[0]     ; op_result[0] ; 13.014 ; 13.068 ; 13.405 ; 13.459 ;
; op_b[0]     ; op_result[1] ; 12.572 ; 12.511 ; 12.982 ; 12.921 ;
; op_b[0]     ; op_result[2] ; 12.513 ; 12.588 ; 12.949 ; 13.079 ;
; op_b[0]     ; op_result[3] ; 13.617 ; 13.603 ; 14.005 ; 13.991 ;
; op_b[0]     ; op_result[4] ; 13.522 ; 13.482 ; 13.910 ; 13.870 ;
; op_b[0]     ; op_result[5] ; 14.312 ; 14.220 ; 14.755 ; 14.663 ;
; op_b[0]     ; op_result[6] ; 12.317 ; 12.290 ; 12.733 ; 12.706 ;
; op_b[0]     ; op_result[7] ; 14.298 ; 14.327 ; 14.741 ; 14.770 ;
; op_b[1]     ; op_result[0] ; 13.506 ; 13.560 ; 13.863 ; 14.119 ;
; op_b[1]     ; op_result[1] ; 12.154 ; 12.082 ; 12.589 ; 12.566 ;
; op_b[1]     ; op_result[2] ; 12.398 ; 12.460 ; 12.828 ; 12.868 ;
; op_b[1]     ; op_result[3] ; 13.306 ; 13.292 ; 13.688 ; 13.674 ;
; op_b[1]     ; op_result[4] ; 13.211 ; 13.171 ; 13.593 ; 13.553 ;
; op_b[1]     ; op_result[5] ; 14.305 ; 14.213 ; 14.729 ; 14.637 ;
; op_b[1]     ; op_result[6] ; 12.327 ; 12.300 ; 12.707 ; 12.680 ;
; op_b[1]     ; op_result[7] ; 14.291 ; 14.320 ; 14.715 ; 14.744 ;
; op_b[2]     ; op_result[0] ; 13.469 ; 13.523 ; 13.805 ; 14.061 ;
; op_b[2]     ; op_result[1] ; 12.117 ; 12.045 ; 12.531 ; 12.508 ;
; op_b[2]     ; op_result[2] ; 12.080 ; 12.174 ; 12.582 ; 12.676 ;
; op_b[2]     ; op_result[3] ; 13.163 ; 13.149 ; 13.664 ; 13.616 ;
; op_b[2]     ; op_result[4] ; 13.068 ; 13.028 ; 13.514 ; 13.474 ;
; op_b[2]     ; op_result[5] ; 13.755 ; 13.695 ; 14.257 ; 14.197 ;
; op_b[2]     ; op_result[6] ; 12.334 ; 12.307 ; 12.836 ; 12.809 ;
; op_b[2]     ; op_result[7] ; 14.267 ; 14.296 ; 14.769 ; 14.798 ;
; op_b[3]     ; op_result[0] ; 13.379 ; 13.433 ; 13.700 ; 13.956 ;
; op_b[3]     ; op_result[1] ; 12.027 ; 11.955 ; 12.426 ; 12.403 ;
; op_b[3]     ; op_result[2] ; 12.001 ; 12.095 ; 12.374 ; 12.468 ;
; op_b[3]     ; op_result[3] ; 13.083 ; 13.068 ; 13.464 ; 13.450 ;
; op_b[3]     ; op_result[4] ; 12.987 ; 12.947 ; 13.369 ; 13.329 ;
; op_b[3]     ; op_result[5] ; 13.676 ; 13.616 ; 14.049 ; 13.989 ;
; op_b[3]     ; op_result[6] ; 12.255 ; 12.228 ; 12.628 ; 12.601 ;
; op_b[3]     ; op_result[7] ; 14.188 ; 14.217 ; 14.561 ; 14.590 ;
+-------------+--------------+--------+--------+--------+--------+


+----------------------------------------------------------------+
; Minimum Propagation Delay                                      ;
+-------------+--------------+--------+--------+--------+--------+
; Input Port  ; Output Port  ; RR     ; RF     ; FR     ; FF     ;
+-------------+--------------+--------+--------+--------+--------+
; func_sel[0] ; op_result[0] ; 7.431  ; 7.379  ; 7.901  ; 7.887  ;
; func_sel[0] ; op_result[1] ; 8.207  ; 8.148  ; 8.711  ; 8.687  ;
; func_sel[0] ; op_result[2] ; 9.178  ; 9.192  ; 9.614  ; 9.619  ;
; func_sel[0] ; op_result[3] ; 8.916  ; 8.900  ; 9.453  ; 9.262  ;
; func_sel[0] ; op_result[4] ; 9.093  ; 9.024  ; 9.562  ; 9.496  ;
; func_sel[0] ; op_result[5] ; 9.663  ; 9.599  ; 10.135 ; 10.108 ;
; func_sel[0] ; op_result[6] ; 7.853  ; 7.811  ; 8.325  ; 8.320  ;
; func_sel[0] ; op_result[7] ; 9.367  ; 9.378  ; 9.839  ; 9.887  ;
; func_sel[1] ; op_result[0] ; 8.053  ; 7.974  ; 8.435  ; 8.416  ;
; func_sel[1] ; op_result[1] ; 8.426  ; 8.367  ; 8.851  ; 8.827  ;
; func_sel[1] ; op_result[2] ; 8.852  ; 8.839  ; 9.234  ; 9.258  ;
; func_sel[1] ; op_result[3] ; 8.187  ; 8.182  ; 8.677  ; 8.545  ;
; func_sel[1] ; op_result[4] ; 8.948  ; 8.916  ; 9.386  ; 9.310  ;
; func_sel[1] ; op_result[5] ; 9.878  ; 9.833  ; 10.307 ; 10.240 ;
; func_sel[1] ; op_result[6] ; 8.068  ; 8.045  ; 8.497  ; 8.452  ;
; func_sel[1] ; op_result[7] ; 9.582  ; 9.612  ; 10.011 ; 10.019 ;
; func_sel[2] ; op_result[0] ; 7.927  ; 7.940  ; 8.409  ; 8.361  ;
; func_sel[2] ; op_result[1] ; 7.420  ; 7.359  ; 7.860  ; 7.790  ;
; func_sel[2] ; op_result[2] ; 9.486  ; 9.517  ; 9.849  ; 9.900  ;
; func_sel[2] ; op_result[3] ; 8.923  ; 8.869  ; 9.327  ; 9.264  ;
; func_sel[2] ; op_result[4] ; 8.547  ; 8.480  ; 8.949  ; 8.920  ;
; func_sel[2] ; op_result[5] ; 9.575  ; 9.560  ; 10.074 ; 10.002 ;
; func_sel[2] ; op_result[6] ; 7.765  ; 7.772  ; 8.264  ; 8.214  ;
; func_sel[2] ; op_result[7] ; 9.279  ; 9.339  ; 9.778  ; 9.781  ;
; op_a[0]     ; op_result[0] ; 9.020  ; 9.047  ; 9.493  ; 9.437  ;
; op_a[0]     ; op_result[1] ; 9.831  ; 9.829  ; 10.242 ; 10.240 ;
; op_a[0]     ; op_result[2] ; 11.701 ; 11.724 ; 12.141 ; 12.187 ;
; op_a[0]     ; op_result[3] ; 10.537 ; 10.495 ; 10.878 ; 10.871 ;
; op_a[0]     ; op_result[4] ; 10.786 ; 10.720 ; 11.335 ; 11.260 ;
; op_a[0]     ; op_result[5] ; 12.229 ; 11.825 ; 12.342 ; 12.597 ;
; op_a[0]     ; op_result[6] ; 10.257 ; 9.909  ; 10.397 ; 10.786 ;
; op_a[0]     ; op_result[7] ; 11.945 ; 11.476 ; 11.912 ; 12.428 ;
; op_a[1]     ; op_result[0] ; 9.839  ; 10.665 ; 11.058 ; 10.175 ;
; op_a[1]     ; op_result[1] ; 8.151  ; 8.092  ; 8.513  ; 8.483  ;
; op_a[1]     ; op_result[2] ; 11.393 ; 11.466 ; 11.771 ; 11.828 ;
; op_a[1]     ; op_result[3] ; 9.807  ; 9.765  ; 10.100 ; 10.093 ;
; op_a[1]     ; op_result[4] ; 10.311 ; 10.245 ; 10.728 ; 10.662 ;
; op_a[1]     ; op_result[5] ; 11.501 ; 11.095 ; 11.564 ; 11.797 ;
; op_a[1]     ; op_result[6] ; 9.607  ; 9.179  ; 9.619  ; 9.974  ;
; op_a[1]     ; op_result[7] ; 11.217 ; 10.746 ; 11.134 ; 11.628 ;
; op_a[2]     ; op_result[0] ; 10.240 ; 10.353 ; 10.765 ; 10.689 ;
; op_a[2]     ; op_result[1] ; 10.597 ; 10.530 ; 10.934 ; 10.931 ;
; op_a[2]     ; op_result[2] ; 9.250  ; 10.226 ; 10.655 ; 9.699  ;
; op_a[2]     ; op_result[3] ; 10.180 ; 10.138 ; 10.542 ; 10.535 ;
; op_a[2]     ; op_result[4] ; 10.333 ; 10.267 ; 10.821 ; 10.746 ;
; op_a[2]     ; op_result[5] ; 11.737 ; 11.468 ; 12.006 ; 12.083 ;
; op_a[2]     ; op_result[6] ; 10.040 ; 9.552  ; 10.061 ; 10.506 ;
; op_a[2]     ; op_result[7] ; 11.708 ; 11.119 ; 11.576 ; 12.210 ;
; op_a[3]     ; op_result[0] ; 9.888  ; 10.740 ; 11.104 ; 10.269 ;
; op_a[3]     ; op_result[1] ; 10.400 ; 10.333 ; 10.678 ; 10.675 ;
; op_a[3]     ; op_result[2] ; 11.287 ;        ;        ; 11.683 ;
; op_a[3]     ; op_result[3] ; 8.888  ; 8.779  ; 9.247  ; 9.129  ;
; op_a[3]     ; op_result[4] ; 10.125 ; 10.059 ; 10.576 ; 10.501 ;
; op_a[3]     ; op_result[5] ; 11.498 ; 10.994 ; 11.480 ; 11.811 ;
; op_a[3]     ; op_result[6] ; 9.851  ; 9.078  ; 9.535  ; 10.245 ;
; op_a[3]     ; op_result[7] ; 11.502 ; 10.645 ; 11.050 ; 11.940 ;
; op_b[0]     ; op_result[0] ; 8.788  ; 8.750  ; 9.156  ; 9.194  ;
; op_b[0]     ; op_result[1] ; 9.542  ; 9.540  ; 9.903  ; 9.901  ;
; op_b[0]     ; op_result[2] ; 11.579 ; 10.550 ; 10.935 ; 12.131 ;
; op_b[0]     ; op_result[3] ; 10.032 ; 9.097  ; 9.601  ; 10.464 ;
; op_b[0]     ; op_result[4] ; 10.497 ; 10.431 ; 10.996 ; 10.921 ;
; op_b[0]     ; op_result[5] ; 11.496 ; 12.190 ; 12.652 ; 11.794 ;
; op_b[0]     ; op_result[6] ; 9.551  ; 10.379 ; 10.744 ; 9.878  ;
; op_b[0]     ; op_result[7] ; 11.066 ; 12.021 ; 12.368 ; 11.445 ;
; op_b[1]     ; op_result[0] ; 9.452  ; 8.994  ; 9.411  ; 9.734  ;
; op_b[1]     ; op_result[1] ; 7.923  ; 7.865  ; 8.266  ; 8.217  ;
; op_b[1]     ; op_result[2] ; 10.348 ; 10.420 ; 10.808 ; 10.845 ;
; op_b[1]     ; op_result[3] ; 9.764  ; 9.716  ; 10.221 ; 10.128 ;
; op_b[1]     ; op_result[4] ; 10.261 ; 10.233 ; 10.721 ; 10.673 ;
; op_b[1]     ; op_result[5] ; 10.924 ; 10.869 ; 11.314 ; 11.228 ;
; op_b[1]     ; op_result[6] ; 8.952  ; 8.968  ; 9.337  ; 9.307  ;
; op_b[1]     ; op_result[7] ; 10.290 ; 10.323 ; 10.641 ; 10.665 ;
; op_b[2]     ; op_result[0] ; 10.122 ; 9.004  ; 9.441  ; 10.544 ;
; op_b[2]     ; op_result[1] ; 9.898  ; 9.895  ; 10.453 ; 10.386 ;
; op_b[2]     ; op_result[2] ; 9.122  ; 9.602  ; 10.000 ; 9.590  ;
; op_b[2]     ; op_result[3] ; 9.187  ; 9.112  ; 9.609  ; 9.516  ;
; op_b[2]     ; op_result[4] ; 10.214 ; 10.148 ; 10.651 ; 10.576 ;
; op_b[2]     ; op_result[5] ; 11.125 ; 11.825 ; 12.258 ; 11.412 ;
; op_b[2]     ; op_result[6] ; 9.180  ; 9.950  ; 10.420 ; 9.496  ;
; op_b[2]     ; op_result[7] ; 10.695 ; 11.530 ; 11.915 ; 11.063 ;
; op_b[3]     ; op_result[0] ; 9.566  ; 8.811  ; 9.262  ; 10.014 ;
; op_b[3]     ; op_result[1] ; 9.196  ; 9.193  ; 9.707  ; 9.640  ;
; op_b[3]     ; op_result[2] ; 11.310 ; 11.284 ; 11.635 ; 11.736 ;
; op_b[3]     ; op_result[3] ; 9.017  ; 8.928  ; 9.396  ; 9.344  ;
; op_b[3]     ; op_result[4] ; 9.989  ; 9.923  ; 10.378 ; 10.303 ;
; op_b[3]     ; op_result[5] ; 10.825 ; 11.751 ; 12.184 ; 11.139 ;
; op_b[3]     ; op_result[6] ; 8.880  ; 9.876  ; 10.346 ; 9.223  ;
; op_b[3]     ; op_result[7] ; 10.395 ; 11.467 ; 11.778 ; 10.790 ;
+-------------+--------------+--------+--------+--------+--------+


---------------------------------------
; Slow 1200mV -40C Model Fmax Summary ;
---------------------------------------
No paths to report.


----------------------------------------
; Slow 1200mV -40C Model Setup Summary ;
----------------------------------------
No paths to report.


---------------------------------------
; Slow 1200mV -40C Model Hold Summary ;
---------------------------------------
No paths to report.


-------------------------------------------
; Slow 1200mV -40C Model Recovery Summary ;
-------------------------------------------
No paths to report.


------------------------------------------
; Slow 1200mV -40C Model Removal Summary ;
------------------------------------------
No paths to report.


----------------------------------------------
; Slow 1200mV -40C Model Minimum Pulse Width ;
----------------------------------------------
Nothing to report.


+----------------------------------------------------------------+
; Propagation Delay                                              ;
+-------------+--------------+--------+--------+--------+--------+
; Input Port  ; Output Port  ; RR     ; RF     ; FR     ; FF     ;
+-------------+--------------+--------+--------+--------+--------+
; func_sel[0] ; op_result[0] ; 6.821  ; 6.703  ; 7.105  ; 7.021  ;
; func_sel[0] ; op_result[1] ; 8.838  ; 8.714  ; 9.085  ; 8.961  ;
; func_sel[0] ; op_result[2] ; 9.236  ; 8.932  ; 9.547  ; 9.200  ;
; func_sel[0] ; op_result[3] ; 9.002  ; 8.729  ; 9.238  ; 9.067  ;
; func_sel[0] ; op_result[4] ; 8.394  ; 8.244  ; 8.687  ; 8.532  ;
; func_sel[0] ; op_result[5] ; 9.220  ; 8.874  ; 9.475  ; 9.173  ;
; func_sel[0] ; op_result[6] ; 7.305  ; 7.340  ; 7.699  ; 7.507  ;
; func_sel[0] ; op_result[7] ; 8.734  ; 8.699  ; 9.127  ; 8.867  ;
; func_sel[1] ; op_result[0] ; 8.194  ; 8.051  ; 8.431  ; 8.179  ;
; func_sel[1] ; op_result[1] ; 7.991  ; 7.827  ; 8.176  ; 8.049  ;
; func_sel[1] ; op_result[2] ; 8.206  ; 8.006  ; 8.385  ; 8.221  ;
; func_sel[1] ; op_result[3] ; 7.556  ; 7.461  ; 7.805  ; 7.582  ;
; func_sel[1] ; op_result[4] ; 8.557  ; 8.402  ; 8.743  ; 8.593  ;
; func_sel[1] ; op_result[5] ; 9.512  ; 8.892  ; 9.420  ; 9.368  ;
; func_sel[1] ; op_result[6] ; 7.597  ; 7.355  ; 7.642  ; 7.702  ;
; func_sel[1] ; op_result[7] ; 9.026  ; 8.714  ; 9.069  ; 9.062  ;
; func_sel[2] ; op_result[0] ; 7.975  ; 7.833  ; 8.210  ; 8.068  ;
; func_sel[2] ; op_result[1] ; 7.656  ; 7.532  ; 7.975  ; 7.820  ;
; func_sel[2] ; op_result[2] ; 9.439  ; 9.262  ; 9.637  ; 9.494  ;
; func_sel[2] ; op_result[3] ; 9.128  ; 8.771  ; 9.250  ; 9.054  ;
; func_sel[2] ; op_result[4] ; 7.873  ; 7.724  ; 8.108  ; 7.991  ;
; func_sel[2] ; op_result[5] ; 9.231  ; 8.881  ; 9.446  ; 9.147  ;
; func_sel[2] ; op_result[6] ; 7.316  ; 7.347  ; 7.670  ; 7.481  ;
; func_sel[2] ; op_result[7] ; 8.745  ; 8.706  ; 9.098  ; 8.841  ;
; op_a[0]     ; op_result[0] ; 10.257 ; 9.950  ; 10.468 ; 10.161 ;
; op_a[0]     ; op_result[1] ; 11.361 ; 11.237 ; 11.572 ; 11.448 ;
; op_a[0]     ; op_result[2] ; 11.626 ; 11.349 ; 11.818 ; 11.493 ;
; op_a[0]     ; op_result[3] ; 11.916 ; 11.576 ; 12.160 ; 11.820 ;
; op_a[0]     ; op_result[4] ; 11.468 ; 11.260 ; 11.497 ; 11.337 ;
; op_a[0]     ; op_result[5] ; 12.076 ; 11.651 ; 12.339 ; 11.866 ;
; op_a[0]     ; op_result[6] ; 10.295 ; 10.125 ; 10.324 ; 10.202 ;
; op_a[0]     ; op_result[7] ; 11.694 ; 11.504 ; 11.957 ; 11.719 ;
; op_a[1]     ; op_result[0] ; 10.594 ; 10.521 ; 10.505 ; 10.597 ;
; op_a[1]     ; op_result[1] ; 10.424 ; 10.300 ; 10.606 ; 10.482 ;
; op_a[1]     ; op_result[2] ; 11.130 ; 10.873 ; 11.405 ; 11.138 ;
; op_a[1]     ; op_result[3] ; 12.045 ; 11.705 ; 12.320 ; 12.044 ;
; op_a[1]     ; op_result[4] ; 11.697 ; 11.489 ; 12.119 ; 11.911 ;
; op_a[1]     ; op_result[5] ; 12.500 ; 12.027 ; 12.814 ; 12.341 ;
; op_a[1]     ; op_result[6] ; 10.524 ; 10.363 ; 10.946 ; 10.776 ;
; op_a[1]     ; op_result[7] ; 12.383 ; 12.145 ; 12.619 ; 12.381 ;
; op_a[2]     ; op_result[0] ; 11.049 ; 11.141 ; 11.541 ; 11.468 ;
; op_a[2]     ; op_result[1] ; 10.059 ; 9.935  ; 10.377 ; 10.222 ;
; op_a[2]     ; op_result[2] ; 11.206 ; 10.939 ; 11.392 ; 11.125 ;
; op_a[2]     ; op_result[3] ; 12.172 ; 11.921 ; 12.432 ; 12.121 ;
; op_a[2]     ; op_result[4] ; 12.038 ; 11.825 ; 12.280 ; 12.072 ;
; op_a[2]     ; op_result[5] ; 13.208 ; 12.735 ; 13.224 ; 12.751 ;
; op_a[2]     ; op_result[6] ; 11.212 ; 11.071 ; 11.414 ; 11.244 ;
; op_a[2]     ; op_result[7] ; 13.091 ; 12.853 ; 13.107 ; 12.869 ;
; op_a[3]     ; op_result[0] ; 11.645 ; 11.737 ; 11.992 ; 11.919 ;
; op_a[3]     ; op_result[1] ; 10.655 ; 10.531 ; 10.828 ; 10.673 ;
; op_a[3]     ; op_result[2] ; 10.341 ;        ;        ; 10.551 ;
; op_a[3]     ; op_result[3] ; 11.543 ; 11.232 ; 11.744 ; 11.433 ;
; op_a[3]     ; op_result[4] ; 11.391 ; 11.183 ; 11.592 ; 11.384 ;
; op_a[3]     ; op_result[5] ; 12.448 ; 11.975 ; 12.644 ; 12.171 ;
; op_a[3]     ; op_result[6] ; 10.525 ; 10.355 ; 10.785 ; 10.615 ;
; op_a[3]     ; op_result[7] ; 12.331 ; 12.093 ; 12.527 ; 12.289 ;
; op_b[0]     ; op_result[0] ; 11.412 ; 11.339 ; 11.604 ; 11.531 ;
; op_b[0]     ; op_result[1] ; 11.226 ; 11.102 ; 11.410 ; 11.286 ;
; op_b[0]     ; op_result[2] ; 11.265 ; 10.998 ; 11.455 ; 11.188 ;
; op_b[0]     ; op_result[3] ; 12.180 ; 11.904 ; 12.370 ; 12.094 ;
; op_b[0]     ; op_result[4] ; 11.979 ; 11.771 ; 12.169 ; 11.961 ;
; op_b[0]     ; op_result[5] ; 12.765 ; 12.292 ; 12.977 ; 12.504 ;
; op_b[0]     ; op_result[6] ; 10.899 ; 10.729 ; 11.020 ; 10.850 ;
; op_b[0]     ; op_result[7] ; 12.648 ; 12.410 ; 12.860 ; 12.622 ;
; op_b[1]     ; op_result[0] ; 11.861 ; 11.788 ; 11.944 ; 12.036 ;
; op_b[1]     ; op_result[1] ; 10.792 ; 10.668 ; 11.003 ; 10.879 ;
; op_b[1]     ; op_result[2] ; 11.078 ; 10.753 ; 11.243 ; 10.987 ;
; op_b[1]     ; op_result[3] ; 11.893 ; 11.617 ; 12.103 ; 11.827 ;
; op_b[1]     ; op_result[4] ; 11.692 ; 11.484 ; 11.902 ; 11.694 ;
; op_b[1]     ; op_result[5] ; 12.737 ; 12.264 ; 12.955 ; 12.482 ;
; op_b[1]     ; op_result[6] ; 10.884 ; 10.714 ; 10.996 ; 10.826 ;
; op_b[1]     ; op_result[7] ; 12.620 ; 12.382 ; 12.838 ; 12.600 ;
; op_b[2]     ; op_result[0] ; 11.758 ; 11.685 ; 11.979 ; 12.071 ;
; op_b[2]     ; op_result[1] ; 10.594 ; 10.439 ; 10.989 ; 10.865 ;
; op_b[2]     ; op_result[2] ; 10.805 ; 10.538 ; 11.102 ; 10.835 ;
; op_b[2]     ; op_result[3] ; 11.720 ; 11.443 ; 12.017 ; 11.700 ;
; op_b[2]     ; op_result[4] ; 11.518 ; 11.310 ; 11.775 ; 11.567 ;
; op_b[2]     ; op_result[5] ; 12.296 ; 11.867 ; 12.599 ; 12.170 ;
; op_b[2]     ; op_result[6] ; 10.808 ; 10.638 ; 11.111 ; 10.941 ;
; op_b[2]     ; op_result[7] ; 12.593 ; 12.355 ; 12.896 ; 12.658 ;
; op_b[3]     ; op_result[0] ; 11.690 ; 11.617 ; 11.923 ; 12.015 ;
; op_b[3]     ; op_result[1] ; 10.526 ; 10.371 ; 10.933 ; 10.809 ;
; op_b[3]     ; op_result[2] ; 10.752 ; 10.485 ; 10.964 ; 10.697 ;
; op_b[3]     ; op_result[3] ; 11.667 ; 11.390 ; 11.879 ; 11.602 ;
; op_b[3]     ; op_result[4] ; 11.465 ; 11.257 ; 11.677 ; 11.469 ;
; op_b[3]     ; op_result[5] ; 12.239 ; 11.810 ; 12.451 ; 12.022 ;
; op_b[3]     ; op_result[6] ; 10.751 ; 10.581 ; 10.963 ; 10.793 ;
; op_b[3]     ; op_result[7] ; 12.533 ; 12.295 ; 12.740 ; 12.502 ;
+-------------+--------------+--------+--------+--------+--------+


+----------------------------------------------------------------+
; Minimum Propagation Delay                                      ;
+-------------+--------------+--------+--------+--------+--------+
; Input Port  ; Output Port  ; RR     ; RF     ; FR     ; FF     ;
+-------------+--------------+--------+--------+--------+--------+
; func_sel[0] ; op_result[0] ; 6.667  ; 6.555  ; 6.945  ; 6.865  ;
; func_sel[0] ; op_result[1] ; 7.371  ; 7.223  ; 7.656  ; 7.539  ;
; func_sel[0] ; op_result[2] ; 8.264  ; 8.066  ; 8.532  ; 8.329  ;
; func_sel[0] ; op_result[3] ; 8.029  ; 7.842  ; 8.366  ; 8.033  ;
; func_sel[0] ; op_result[4] ; 8.158  ; 8.007  ; 8.452  ; 8.306  ;
; func_sel[0] ; op_result[5] ; 8.757  ; 8.404  ; 9.036  ; 8.716  ;
; func_sel[0] ; op_result[6] ; 7.050  ; 6.929  ; 7.329  ; 7.241  ;
; func_sel[0] ; op_result[7] ; 8.418  ; 8.229  ; 8.697  ; 8.541  ;
; func_sel[1] ; op_result[0] ; 7.216  ; 7.064  ; 7.365  ; 7.261  ;
; func_sel[1] ; op_result[1] ; 7.564  ; 7.416  ; 7.725  ; 7.608  ;
; func_sel[1] ; op_result[2] ; 7.996  ; 7.807  ; 8.175  ; 8.018  ;
; func_sel[1] ; op_result[3] ; 7.356  ; 7.262  ; 7.590  ; 7.383  ;
; func_sel[1] ; op_result[4] ; 8.034  ; 7.924  ; 8.233  ; 8.085  ;
; func_sel[1] ; op_result[5] ; 8.948  ; 8.615  ; 9.134  ; 8.781  ;
; func_sel[1] ; op_result[6] ; 7.241  ; 7.140  ; 7.427  ; 7.306  ;
; func_sel[1] ; op_result[7] ; 8.609  ; 8.440  ; 8.795  ; 8.606  ;
; func_sel[2] ; op_result[0] ; 7.096  ; 6.999  ; 7.373  ; 7.233  ;
; func_sel[2] ; op_result[1] ; 6.674  ; 6.523  ; 6.932  ; 6.776  ;
; func_sel[2] ; op_result[2] ; 8.543  ; 8.359  ; 8.735  ; 8.532  ;
; func_sel[2] ; op_result[3] ; 8.023  ; 7.812  ; 8.240  ; 8.018  ;
; func_sel[2] ; op_result[4] ; 7.678  ; 7.533  ; 7.908  ; 7.796  ;
; func_sel[2] ; op_result[5] ; 8.668  ; 8.357  ; 8.965  ; 8.612  ;
; func_sel[2] ; op_result[6] ; 6.961  ; 6.882  ; 7.258  ; 7.137  ;
; func_sel[2] ; op_result[7] ; 8.329  ; 8.182  ; 8.626  ; 8.437  ;
; op_a[0]     ; op_result[0] ; 8.088  ; 8.052  ; 8.271  ; 8.136  ;
; op_a[0]     ; op_result[1] ; 8.762  ; 8.602  ; 8.975  ; 8.815  ;
; op_a[0]     ; op_result[2] ; 10.449 ; 10.207 ; 10.690 ; 10.448 ;
; op_a[0]     ; op_result[3] ; 9.443  ; 9.210  ; 9.560  ; 9.356  ;
; op_a[0]     ; op_result[4] ; 9.662  ; 9.516  ; 9.855  ; 9.704  ;
; op_a[0]     ; op_result[5] ; 11.084 ; 10.325 ; 10.890 ; 10.784 ;
; op_a[0]     ; op_result[6] ; 9.212  ; 8.735  ; 9.083  ; 9.275  ;
; op_a[0]     ; op_result[7] ; 10.716 ; 10.035 ; 10.452 ; 10.639 ;
; op_a[1]     ; op_result[0] ; 8.739  ; 9.302  ; 9.611  ; 8.755  ;
; op_a[1]     ; op_result[1] ; 7.311  ; 7.167  ; 7.460  ; 7.343  ;
; op_a[1]     ; op_result[2] ; 10.190 ; 9.955  ; 10.361 ; 10.126 ;
; op_a[1]     ; op_result[3] ; 8.778  ; 8.545  ; 8.924  ; 8.720  ;
; op_a[1]     ; op_result[4] ; 9.157  ; 9.006  ; 9.334  ; 9.183  ;
; op_a[1]     ; op_result[5] ; 10.316 ; 9.660  ; 10.254 ; 10.086 ;
; op_a[1]     ; op_result[6] ; 8.546  ; 8.070  ; 8.447  ; 8.577  ;
; op_a[1]     ; op_result[7] ; 9.948  ; 9.370  ; 9.816  ; 9.941  ;
; op_a[2]     ; op_result[0] ; 9.104  ; 9.065  ; 9.394  ; 9.188  ;
; op_a[2]     ; op_result[1] ; 9.334  ; 9.183  ; 9.563  ; 9.469  ;
; op_a[2]     ; op_result[2] ; 8.326  ; 8.972  ; 9.441  ; 8.369  ;
; op_a[2]     ; op_result[3] ; 9.151  ; 8.909  ; 9.268  ; 9.064  ;
; op_a[2]     ; op_result[4] ; 9.271  ; 9.125  ; 9.412  ; 9.261  ;
; op_a[2]     ; op_result[5] ; 10.531 ; 10.033 ; 10.598 ; 10.367 ;
; op_a[2]     ; op_result[6] ; 8.975  ; 8.443  ; 8.791  ; 9.063  ;
; op_a[2]     ; op_result[7] ; 10.377 ; 9.743  ; 10.160 ; 10.427 ;
; op_a[3]     ; op_result[0] ; 8.785  ; 9.401  ; 9.694  ; 8.884  ;
; op_a[3]     ; op_result[1] ; 9.170  ; 9.019  ; 9.400  ; 9.306  ;
; op_a[3]     ; op_result[2] ; 10.013 ;        ;        ; 10.211 ;
; op_a[3]     ; op_result[3] ; 8.007  ; 7.714  ; 8.203  ; 7.905  ;
; op_a[3]     ; op_result[4] ; 9.079  ; 8.932  ; 9.237  ; 9.086  ;
; op_a[3]     ; op_result[5] ; 10.362 ; 9.586  ; 10.175 ; 10.124 ;
; op_a[3]     ; op_result[6] ; 8.806  ; 7.996  ; 8.368  ; 8.862  ;
; op_a[3]     ; op_result[7] ; 10.208 ; 9.296  ; 9.737  ; 10.226 ;
; op_b[0]     ; op_result[0] ; 7.828  ; 7.786  ; 7.986  ; 7.917  ;
; op_b[0]     ; op_result[1] ; 8.504  ; 8.344  ; 8.684  ; 8.524  ;
; op_b[0]     ; op_result[2] ; 10.399 ; 9.312  ; 9.614  ; 10.389 ;
; op_b[0]     ; op_result[3] ; 9.000  ; 8.015  ; 8.484  ; 8.993  ;
; op_b[0]     ; op_result[4] ; 9.404  ; 9.258  ; 9.564  ; 9.413  ;
; op_b[0]     ; op_result[5] ; 10.330 ; 10.568 ; 11.200 ; 10.108 ;
; op_b[0]     ; op_result[6] ; 8.523  ; 9.059  ; 9.430  ; 8.518  ;
; op_b[0]     ; op_result[7] ; 9.892  ; 10.423 ; 10.832 ; 9.818  ;
; op_b[1]     ; op_result[0] ; 8.503  ; 7.930  ; 8.179  ; 8.363  ;
; op_b[1]     ; op_result[1] ; 7.085  ; 6.964  ; 7.243  ; 7.126  ;
; op_b[1]     ; op_result[2] ; 9.292  ; 9.086  ; 9.536  ; 9.301  ;
; op_b[1]     ; op_result[3] ; 8.753  ; 8.541  ; 8.984  ; 8.709  ;
; op_b[1]     ; op_result[4] ; 9.173  ; 9.011  ; 9.366  ; 9.215  ;
; op_b[1]     ; op_result[5] ; 9.920  ; 9.479  ; 10.062 ; 9.626  ;
; op_b[1]     ; op_result[6] ; 8.046  ; 7.926  ; 8.194  ; 8.037  ;
; op_b[1]     ; op_result[7] ; 9.269  ; 9.046  ; 9.398  ; 9.170  ;
; op_b[2]     ; op_result[0] ; 8.989  ; 7.946  ; 8.212  ; 9.108  ;
; op_b[2]     ; op_result[1] ; 8.864  ; 8.770  ; 9.084  ; 8.933  ;
; op_b[2]     ; op_result[2] ; 8.221  ; 8.389  ; 8.944  ; 8.300  ;
; op_b[2]     ; op_result[3] ; 8.266  ; 8.011  ; 8.488  ; 8.213  ;
; op_b[2]     ; op_result[4] ; 9.151  ; 9.005  ; 9.323  ; 9.172  ;
; op_b[2]     ; op_result[5] ; 9.996  ; 10.335 ; 10.874 ; 9.826  ;
; op_b[2]     ; op_result[6] ; 8.189  ; 8.782  ; 9.104  ; 8.236  ;
; op_b[2]     ; op_result[7] ; 9.558  ; 10.029 ; 10.506 ; 9.536  ;
; op_b[3]     ; op_result[0] ; 8.493  ; 7.782  ; 8.085  ; 8.670  ;
; op_b[3]     ; op_result[1] ; 8.246  ; 8.152  ; 8.461  ; 8.310  ;
; op_b[3]     ; op_result[2] ; 10.084 ; 9.842  ; 10.293 ; 10.074 ;
; op_b[3]     ; op_result[3] ; 8.104  ; 7.815  ; 8.330  ; 8.074  ;
; op_b[3]     ; op_result[4] ; 8.964  ; 8.818  ; 9.083  ; 8.932  ;
; op_b[3]     ; op_result[5] ; 9.733  ; 10.271 ; 10.822 ; 9.586  ;
; op_b[3]     ; op_result[6] ; 7.926  ; 8.718  ; 9.052  ; 7.996  ;
; op_b[3]     ; op_result[7] ; 9.295  ; 9.981  ; 10.405 ; 9.296  ;
+-------------+--------------+--------+--------+--------+--------+


----------------------------------------
; Fast 1200mV -40C Model Setup Summary ;
----------------------------------------
No paths to report.


---------------------------------------
; Fast 1200mV -40C Model Hold Summary ;
---------------------------------------
No paths to report.


-------------------------------------------
; Fast 1200mV -40C Model Recovery Summary ;
-------------------------------------------
No paths to report.


------------------------------------------
; Fast 1200mV -40C Model Removal Summary ;
------------------------------------------
No paths to report.


----------------------------------------------
; Fast 1200mV -40C Model Minimum Pulse Width ;
----------------------------------------------
Nothing to report.


+------------------------------------------------------------+
; Propagation Delay                                          ;
+-------------+--------------+-------+-------+-------+-------+
; Input Port  ; Output Port  ; RR    ; RF    ; FR    ; FF    ;
+-------------+--------------+-------+-------+-------+-------+
; func_sel[0] ; op_result[0] ; 3.681 ; 3.704 ; 4.291 ; 4.333 ;
; func_sel[0] ; op_result[1] ; 4.694 ; 4.726 ; 5.356 ; 5.388 ;
; func_sel[0] ; op_result[2] ; 4.844 ; 5.061 ; 5.488 ; 5.676 ;
; func_sel[0] ; op_result[3] ; 4.738 ; 4.832 ; 5.363 ; 5.517 ;
; func_sel[0] ; op_result[4] ; 4.511 ; 4.630 ; 5.141 ; 5.260 ;
; func_sel[0] ; op_result[5] ; 4.880 ; 5.037 ; 5.434 ; 5.616 ;
; func_sel[0] ; op_result[6] ; 3.922 ; 4.053 ; 4.575 ; 4.562 ;
; func_sel[0] ; op_result[7] ; 4.687 ; 4.933 ; 5.340 ; 5.442 ;
; func_sel[1] ; op_result[0] ; 4.252 ; 4.372 ; 4.871 ; 4.928 ;
; func_sel[1] ; op_result[1] ; 4.235 ; 4.258 ; 4.832 ; 4.864 ;
; func_sel[1] ; op_result[2] ; 4.319 ; 4.464 ; 4.896 ; 5.060 ;
; func_sel[1] ; op_result[3] ; 3.994 ; 4.095 ; 4.627 ; 4.659 ;
; func_sel[1] ; op_result[4] ; 4.542 ; 4.661 ; 5.118 ; 5.239 ;
; func_sel[1] ; op_result[5] ; 4.977 ; 4.968 ; 5.381 ; 5.712 ;
; func_sel[1] ; op_result[6] ; 4.019 ; 3.982 ; 4.519 ; 4.658 ;
; func_sel[1] ; op_result[7] ; 4.784 ; 4.862 ; 5.284 ; 5.538 ;
; func_sel[2] ; op_result[0] ; 4.262 ; 4.295 ; 4.817 ; 4.850 ;
; func_sel[2] ; op_result[1] ; 4.061 ; 4.120 ; 4.725 ; 4.757 ;
; func_sel[2] ; op_result[2] ; 4.936 ; 5.159 ; 5.509 ; 5.751 ;
; func_sel[2] ; op_result[3] ; 4.806 ; 4.881 ; 5.292 ; 5.454 ;
; func_sel[2] ; op_result[4] ; 4.220 ; 4.342 ; 4.792 ; 4.932 ;
; func_sel[2] ; op_result[5] ; 4.865 ; 5.021 ; 5.415 ; 5.588 ;
; func_sel[2] ; op_result[6] ; 3.907 ; 4.037 ; 4.545 ; 4.534 ;
; func_sel[2] ; op_result[7] ; 4.672 ; 4.917 ; 5.310 ; 5.414 ;
; op_a[0]     ; op_result[0] ; 5.323 ; 5.471 ; 5.938 ; 6.086 ;
; op_a[0]     ; op_result[1] ; 5.948 ; 5.980 ; 6.545 ; 6.577 ;
; op_a[0]     ; op_result[2] ; 6.032 ; 6.306 ; 6.605 ; 6.899 ;
; op_a[0]     ; op_result[3] ; 6.220 ; 6.428 ; 6.756 ; 6.940 ;
; op_a[0]     ; op_result[4] ; 6.058 ; 6.251 ; 6.527 ; 6.744 ;
; op_a[0]     ; op_result[5] ; 6.274 ; 6.522 ; 6.847 ; 7.071 ;
; op_a[0]     ; op_result[6] ; 5.432 ; 5.540 ; 5.901 ; 6.033 ;
; op_a[0]     ; op_result[7] ; 6.194 ; 6.448 ; 6.767 ; 6.997 ;
; op_a[1]     ; op_result[0] ; 5.559 ; 5.644 ; 5.950 ; 6.133 ;
; op_a[1]     ; op_result[1] ; 5.480 ; 5.512 ; 6.033 ; 6.065 ;
; op_a[1]     ; op_result[2] ; 5.801 ; 6.030 ; 6.301 ; 6.535 ;
; op_a[1]     ; op_result[3] ; 6.223 ; 6.407 ; 6.800 ; 6.959 ;
; op_a[1]     ; op_result[4] ; 6.202 ; 6.395 ; 6.804 ; 6.997 ;
; op_a[1]     ; op_result[5] ; 6.434 ; 6.666 ; 7.020 ; 7.268 ;
; op_a[1]     ; op_result[6] ; 5.576 ; 5.684 ; 6.178 ; 6.286 ;
; op_a[1]     ; op_result[7] ; 6.471 ; 6.701 ; 7.017 ; 7.247 ;
; op_a[2]     ; op_result[0] ; 5.797 ; 5.980 ; 6.514 ; 6.599 ;
; op_a[2]     ; op_result[1] ; 5.231 ; 5.290 ; 5.962 ; 5.994 ;
; op_a[2]     ; op_result[2] ; 5.821 ; 6.050 ; 6.412 ; 6.641 ;
; op_a[2]     ; op_result[3] ; 6.381 ; 6.563 ; 6.950 ; 7.105 ;
; op_a[2]     ; op_result[4] ; 6.385 ; 6.583 ; 6.954 ; 7.147 ;
; op_a[2]     ; op_result[5] ; 6.852 ; 7.076 ; 7.269 ; 7.493 ;
; op_a[2]     ; op_result[6] ; 5.983 ; 6.091 ; 6.480 ; 6.588 ;
; op_a[2]     ; op_result[7] ; 6.889 ; 7.119 ; 7.306 ; 7.536 ;
; op_a[3]     ; op_result[0] ; 6.174 ; 6.357 ; 6.682 ; 6.767 ;
; op_a[3]     ; op_result[1] ; 5.608 ; 5.667 ; 6.130 ; 6.162 ;
; op_a[3]     ; op_result[2] ; 5.537 ;       ;       ; 6.148 ;
; op_a[3]     ; op_result[3] ; 5.984 ; 6.166 ; 6.531 ; 6.713 ;
; op_a[3]     ; op_result[4] ; 5.988 ; 6.186 ; 6.535 ; 6.733 ;
; op_a[3]     ; op_result[5] ; 6.455 ; 6.679 ; 7.002 ; 7.226 ;
; op_a[3]     ; op_result[6] ; 5.586 ; 5.694 ; 6.133 ; 6.241 ;
; op_a[3]     ; op_result[7] ; 6.492 ; 6.722 ; 7.039 ; 7.269 ;
; op_b[0]     ; op_result[0] ; 5.952 ; 6.037 ; 6.527 ; 6.612 ;
; op_b[0]     ; op_result[1] ; 5.852 ; 5.884 ; 6.446 ; 6.478 ;
; op_b[0]     ; op_result[2] ; 5.837 ; 6.066 ; 6.430 ; 6.692 ;
; op_b[0]     ; op_result[3] ; 6.260 ; 6.443 ; 6.852 ; 7.036 ;
; op_b[0]     ; op_result[4] ; 6.264 ; 6.457 ; 6.839 ; 7.032 ;
; op_b[0]     ; op_result[5] ; 6.615 ; 6.839 ; 7.209 ; 7.433 ;
; op_b[0]     ; op_result[6] ; 5.746 ; 5.854 ; 6.340 ; 6.448 ;
; op_b[0]     ; op_result[7] ; 6.652 ; 6.882 ; 7.246 ; 7.476 ;
; op_b[1]     ; op_result[0] ; 6.140 ; 6.225 ; 6.761 ; 6.944 ;
; op_b[1]     ; op_result[1] ; 5.629 ; 5.661 ; 6.198 ; 6.254 ;
; op_b[1]     ; op_result[2] ; 5.760 ; 5.975 ; 6.352 ; 6.565 ;
; op_b[1]     ; op_result[3] ; 6.112 ; 6.294 ; 6.694 ; 6.876 ;
; op_b[1]     ; op_result[4] ; 6.116 ; 6.314 ; 6.698 ; 6.896 ;
; op_b[1]     ; op_result[5] ; 6.583 ; 6.807 ; 7.165 ; 7.389 ;
; op_b[1]     ; op_result[6] ; 5.714 ; 5.822 ; 6.296 ; 6.404 ;
; op_b[1]     ; op_result[7] ; 6.620 ; 6.850 ; 7.202 ; 7.432 ;
; op_b[2]     ; op_result[0] ; 6.219 ; 6.304 ; 6.724 ; 6.907 ;
; op_b[2]     ; op_result[1] ; 5.667 ; 5.699 ; 6.158 ; 6.217 ;
; op_b[2]     ; op_result[2] ; 5.639 ; 5.868 ; 6.262 ; 6.491 ;
; op_b[2]     ; op_result[3] ; 6.082 ; 6.249 ; 6.688 ; 6.872 ;
; op_b[2]     ; op_result[4] ; 6.086 ; 6.279 ; 6.688 ; 6.881 ;
; op_b[2]     ; op_result[5] ; 6.369 ; 6.567 ; 6.992 ; 7.190 ;
; op_b[2]     ; op_result[6] ; 5.707 ; 5.815 ; 6.330 ; 6.438 ;
; op_b[2]     ; op_result[7] ; 6.595 ; 6.825 ; 7.218 ; 7.448 ;
; op_b[3]     ; op_result[0] ; 6.200 ; 6.285 ; 6.705 ; 6.888 ;
; op_b[3]     ; op_result[1] ; 5.648 ; 5.680 ; 6.139 ; 6.198 ;
; op_b[3]     ; op_result[2] ; 5.612 ; 5.841 ; 6.184 ; 6.413 ;
; op_b[3]     ; op_result[3] ; 6.049 ; 6.222 ; 6.627 ; 6.794 ;
; op_b[3]     ; op_result[4] ; 6.053 ; 6.246 ; 6.631 ; 6.824 ;
; op_b[3]     ; op_result[5] ; 6.342 ; 6.540 ; 6.914 ; 7.112 ;
; op_b[3]     ; op_result[6] ; 5.680 ; 5.788 ; 6.252 ; 6.360 ;
; op_b[3]     ; op_result[7] ; 6.568 ; 6.798 ; 7.140 ; 7.370 ;
+-------------+--------------+-------+-------+-------+-------+


+------------------------------------------------------------+
; Minimum Propagation Delay                                  ;
+-------------+--------------+-------+-------+-------+-------+
; Input Port  ; Output Port  ; RR    ; RF    ; FR    ; FF    ;
+-------------+--------------+-------+-------+-------+-------+
; func_sel[0] ; op_result[0] ; 3.593 ; 3.615 ; 4.194 ; 4.235 ;
; func_sel[0] ; op_result[1] ; 3.923 ; 3.965 ; 4.547 ; 4.607 ;
; func_sel[0] ; op_result[2] ; 4.362 ; 4.531 ; 4.952 ; 5.116 ;
; func_sel[0] ; op_result[3] ; 4.248 ; 4.383 ; 4.897 ; 4.946 ;
; func_sel[0] ; op_result[4] ; 4.378 ; 4.498 ; 4.979 ; 5.099 ;
; func_sel[0] ; op_result[5] ; 4.594 ; 4.766 ; 5.194 ; 5.385 ;
; func_sel[0] ; op_result[6] ; 3.767 ; 3.821 ; 4.367 ; 4.440 ;
; func_sel[0] ; op_result[7] ; 4.500 ; 4.662 ; 5.100 ; 5.281 ;
; func_sel[1] ; op_result[0] ; 3.806 ; 3.826 ; 4.376 ; 4.424 ;
; func_sel[1] ; op_result[1] ; 3.969 ; 4.011 ; 4.559 ; 4.619 ;
; func_sel[1] ; op_result[2] ; 4.206 ; 4.346 ; 4.774 ; 4.933 ;
; func_sel[1] ; op_result[3] ; 3.888 ; 3.975 ; 4.499 ; 4.531 ;
; func_sel[1] ; op_result[4] ; 4.271 ; 4.398 ; 4.866 ; 4.977 ;
; func_sel[1] ; op_result[5] ; 4.631 ; 4.809 ; 5.222 ; 5.390 ;
; func_sel[1] ; op_result[6] ; 3.804 ; 3.864 ; 4.395 ; 4.445 ;
; func_sel[1] ; op_result[7] ; 4.537 ; 4.705 ; 5.128 ; 5.286 ;
; func_sel[2] ; op_result[0] ; 3.773 ; 3.835 ; 4.381 ; 4.409 ;
; func_sel[2] ; op_result[1] ; 3.566 ; 3.611 ; 4.146 ; 4.186 ;
; func_sel[2] ; op_result[2] ; 4.491 ; 4.662 ; 5.054 ; 5.244 ;
; func_sel[2] ; op_result[3] ; 4.225 ; 4.341 ; 4.792 ; 4.908 ;
; func_sel[2] ; op_result[4] ; 4.111 ; 4.227 ; 4.676 ; 4.811 ;
; func_sel[2] ; op_result[5] ; 4.530 ; 4.723 ; 5.144 ; 5.310 ;
; func_sel[2] ; op_result[6] ; 3.703 ; 3.778 ; 4.317 ; 4.365 ;
; func_sel[2] ; op_result[7] ; 4.436 ; 4.619 ; 5.050 ; 5.206 ;
; op_a[0]     ; op_result[0] ; 4.243 ; 4.301 ; 4.885 ; 4.918 ;
; op_a[0]     ; op_result[1] ; 4.594 ; 4.661 ; 5.185 ; 5.252 ;
; op_a[0]     ; op_result[2] ; 5.440 ; 5.652 ; 6.026 ; 6.238 ;
; op_a[0]     ; op_result[3] ; 4.909 ; 5.043 ; 5.496 ; 5.646 ;
; op_a[0]     ; op_result[4] ; 5.082 ; 5.202 ; 5.770 ; 5.885 ;
; op_a[0]     ; op_result[5] ; 5.685 ; 5.726 ; 6.177 ; 6.560 ;
; op_a[0]     ; op_result[6] ; 4.798 ; 4.726 ; 5.280 ; 5.604 ;
; op_a[0]     ; op_result[7] ; 5.606 ; 5.568 ; 6.013 ; 6.486 ;
; op_a[1]     ; op_result[0] ; 4.558 ; 4.981 ; 5.485 ; 5.169 ;
; op_a[1]     ; op_result[1] ; 3.822 ; 3.864 ; 4.372 ; 4.427 ;
; op_a[1]     ; op_result[2] ; 5.240 ; 5.469 ; 5.802 ; 6.020 ;
; op_a[1]     ; op_result[3] ; 4.566 ; 4.700 ; 5.091 ; 5.241 ;
; op_a[1]     ; op_result[4] ; 4.802 ; 4.922 ; 5.420 ; 5.540 ;
; op_a[1]     ; op_result[5] ; 5.325 ; 5.383 ; 5.772 ; 6.081 ;
; op_a[1]     ; op_result[6] ; 4.438 ; 4.383 ; 4.875 ; 5.101 ;
; op_a[1]     ; op_result[7] ; 5.246 ; 5.225 ; 5.608 ; 6.007 ;
; op_a[2]     ; op_result[0] ; 4.765 ; 4.885 ; 5.378 ; 5.425 ;
; op_a[2]     ; op_result[1] ; 4.963 ; 4.998 ; 5.447 ; 5.513 ;
; op_a[2]     ; op_result[2] ; 4.377 ; 5.025 ; 5.430 ; 5.117 ;
; op_a[2]     ; op_result[3] ; 4.771 ; 4.905 ; 5.351 ; 5.502 ;
; op_a[2]     ; op_result[4] ; 4.857 ; 4.977 ; 5.509 ; 5.624 ;
; op_a[2]     ; op_result[5] ; 5.447 ; 5.588 ; 5.998 ; 6.226 ;
; op_a[2]     ; op_result[6] ; 4.670 ; 4.588 ; 5.136 ; 5.378 ;
; op_a[2]     ; op_result[7] ; 5.478 ; 5.430 ; 5.869 ; 6.284 ;
; op_a[3]     ; op_result[0] ; 4.595 ; 5.018 ; 5.514 ; 5.215 ;
; op_a[3]     ; op_result[1] ; 4.855 ; 4.890 ; 5.313 ; 5.379 ;
; op_a[3]     ; op_result[2] ; 5.352 ;       ;       ; 5.957 ;
; op_a[3]     ; op_result[3] ; 4.170 ; 4.279 ; 4.718 ; 4.822 ;
; op_a[3]     ; op_result[4] ; 4.753 ; 4.873 ; 5.380 ; 5.495 ;
; op_a[3]     ; op_result[5] ; 5.307 ; 5.342 ; 5.745 ; 6.088 ;
; op_a[3]     ; op_result[6] ; 4.561 ; 4.342 ; 4.848 ; 5.240 ;
; op_a[3]     ; op_result[7] ; 5.369 ; 5.184 ; 5.581 ; 6.146 ;
; op_b[0]     ; op_result[0] ; 4.135 ; 4.145 ; 4.705 ; 4.752 ;
; op_b[0]     ; op_result[1] ; 4.440 ; 4.507 ; 5.006 ; 5.073 ;
; op_b[0]     ; op_result[2] ; 5.366 ; 5.079 ; 5.549 ; 6.192 ;
; op_b[0]     ; op_result[3] ; 4.682 ; 4.429 ; 4.892 ; 5.430 ;
; op_b[0]     ; op_result[4] ; 4.928 ; 5.048 ; 5.591 ; 5.706 ;
; op_b[0]     ; op_result[5] ; 5.363 ; 5.922 ; 6.274 ; 6.113 ;
; op_b[0]     ; op_result[6] ; 4.466 ; 4.942 ; 5.387 ; 5.113 ;
; op_b[0]     ; op_result[7] ; 5.199 ; 5.848 ; 6.195 ; 5.955 ;
; op_b[1]     ; op_result[0] ; 4.361 ; 4.240 ; 4.801 ; 5.025 ;
; op_b[1]     ; op_result[1] ; 3.713 ; 3.755 ; 4.258 ; 4.300 ;
; op_b[1]     ; op_result[2] ; 4.799 ; 5.017 ; 5.397 ; 5.599 ;
; op_b[1]     ; op_result[3] ; 4.537 ; 4.655 ; 5.132 ; 5.249 ;
; op_b[1]     ; op_result[4] ; 4.815 ; 4.938 ; 5.413 ; 5.574 ;
; op_b[1]     ; op_result[5] ; 5.058 ; 5.283 ; 5.641 ; 5.863 ;
; op_b[1]     ; op_result[6] ; 4.167 ; 4.286 ; 4.757 ; 4.860 ;
; op_b[1]     ; op_result[7] ; 4.826 ; 5.052 ; 5.393 ; 5.614 ;
; op_b[2]     ; op_result[0] ; 4.732 ; 4.279 ; 4.846 ; 5.382 ;
; op_b[2]     ; op_result[1] ; 4.608 ; 4.674 ; 5.326 ; 5.361 ;
; op_b[2]     ; op_result[2] ; 4.339 ; 4.739 ; 5.087 ; 5.093 ;
; op_b[2]     ; op_result[3] ; 4.322 ; 4.439 ; 4.882 ; 4.999 ;
; op_b[2]     ; op_result[4] ; 4.816 ; 4.936 ; 5.467 ; 5.582 ;
; op_b[2]     ; op_result[5] ; 5.207 ; 5.751 ; 6.135 ; 5.939 ;
; op_b[2]     ; op_result[6] ; 4.310 ; 4.771 ; 5.304 ; 4.939 ;
; op_b[2]     ; op_result[7] ; 5.043 ; 5.599 ; 5.968 ; 5.781 ;
; op_b[3]     ; op_result[0] ; 4.490 ; 4.204 ; 4.760 ; 5.126 ;
; op_b[3]     ; op_result[1] ; 4.304 ; 4.370 ; 4.979 ; 5.014 ;
; op_b[3]     ; op_result[2] ; 5.259 ; 5.471 ; 5.824 ; 6.036 ;
; op_b[3]     ; op_result[3] ; 4.250 ; 4.366 ; 4.782 ; 4.916 ;
; op_b[3]     ; op_result[4] ; 4.734 ; 4.854 ; 5.337 ; 5.452 ;
; op_b[3]     ; op_result[5] ; 5.086 ; 5.724 ; 6.095 ; 5.809 ;
; op_b[3]     ; op_result[6] ; 4.189 ; 4.744 ; 5.264 ; 4.809 ;
; op_b[3]     ; op_result[7] ; 4.922 ; 5.576 ; 5.914 ; 5.651 ;
+-------------+--------------+-------+-------+-------+-------+


+----------------------------------------------------------------------------+
; Multicorner Timing Analysis Summary                                        ;
+------------------+-------+------+----------+---------+---------------------+
; Clock            ; Setup ; Hold ; Recovery ; Removal ; Minimum Pulse Width ;
+------------------+-------+------+----------+---------+---------------------+
; Worst-case Slack ; 0.0   ; 0.0  ; 0.0      ; 0.0     ; 0.0                 ;
; Design-wide TNS  ; 0.0   ; 0.0  ; 0.0      ; 0.0     ; N/A                 ;
+------------------+-------+------+----------+---------+---------------------+


+----------------------------------------------------------------+
; Progagation Delay                                              ;
+-------------+--------------+--------+--------+--------+--------+
; Input Port  ; Output Port  ; RR     ; RF     ; FR     ; FF     ;
+-------------+--------------+--------+--------+--------+--------+
; func_sel[0] ; op_result[0] ; 7.623  ; 7.569  ; 8.105  ; 8.091  ;
; func_sel[0] ; op_result[1] ; 9.896  ; 9.824  ; 10.405 ; 10.333 ;
; func_sel[0] ; op_result[2] ; 10.221 ; 10.246 ; 10.737 ; 10.684 ;
; func_sel[0] ; op_result[3] ; 10.041 ; 9.929  ; 10.505 ; 10.513 ;
; func_sel[0] ; op_result[4] ; 9.361  ; 9.288  ; 9.882  ; 9.804  ;
; func_sel[0] ; op_result[5] ; 10.260 ; 10.181 ; 10.654 ; 10.636 ;
; func_sel[0] ; op_result[6] ; 8.192  ; 8.321  ; 8.771  ; 8.622  ;
; func_sel[0] ; op_result[7] ; 9.774  ; 9.957  ; 10.352 ; 10.259 ;
; func_sel[1] ; op_result[0] ; 9.130  ; 9.188  ; 9.613  ; 9.536  ;
; func_sel[1] ; op_result[1] ; 8.990  ; 8.905  ; 9.421  ; 9.349  ;
; func_sel[1] ; op_result[2] ; 9.104  ; 9.087  ; 9.492  ; 9.518  ;
; func_sel[1] ; op_result[3] ; 8.426  ; 8.432  ; 8.947  ; 8.804  ;
; func_sel[1] ; op_result[4] ; 9.581  ; 9.503  ; 9.968  ; 9.899  ;
; func_sel[1] ; op_result[5] ; 10.595 ; 10.172 ; 10.654 ; 10.927 ;
; func_sel[1] ; op_result[6] ; 8.527  ; 8.309  ; 8.768  ; 8.913  ;
; func_sel[1] ; op_result[7] ; 10.109 ; 9.946  ; 10.349 ; 10.550 ;
; func_sel[2] ; op_result[0] ; 8.932  ; 8.869  ; 9.339  ; 9.285  ;
; func_sel[2] ; op_result[1] ; 8.570  ; 8.547  ; 9.140  ; 9.068  ;
; func_sel[2] ; op_result[2] ; 10.509 ; 10.614 ; 10.884 ; 11.029 ;
; func_sel[2] ; op_result[3] ; 10.242 ; 10.057 ; 10.493 ; 10.497 ;
; func_sel[2] ; op_result[4] ; 8.784  ; 8.717  ; 9.197  ; 9.167  ;
; func_sel[2] ; op_result[5] ; 10.285 ; 10.203 ; 10.647 ; 10.630 ;
; func_sel[2] ; op_result[6] ; 8.217  ; 8.343  ; 8.764  ; 8.616  ;
; func_sel[2] ; op_result[7] ; 9.799  ; 9.979  ; 10.345 ; 10.253 ;
; op_a[0]     ; op_result[0] ; 11.402 ; 11.368 ; 11.848 ; 11.844 ;
; op_a[0]     ; op_result[1] ; 12.712 ; 12.651 ; 13.149 ; 13.088 ;
; op_a[0]     ; op_result[2] ; 12.986 ; 13.116 ; 13.408 ; 13.483 ;
; op_a[0]     ; op_result[3] ; 13.330 ; 13.337 ; 13.784 ; 13.736 ;
; op_a[0]     ; op_result[4] ; 12.929 ; 12.889 ; 13.078 ; 13.093 ;
; op_a[0]     ; op_result[5] ; 13.497 ; 13.460 ; 13.914 ; 13.822 ;
; op_a[0]     ; op_result[6] ; 11.646 ; 11.619 ; 11.795 ; 11.823 ;
; op_a[0]     ; op_result[7] ; 13.205 ; 13.289 ; 13.622 ; 13.651 ;
; op_a[1]     ; op_result[0] ; 12.133 ; 12.187 ; 12.145 ; 12.401 ;
; op_a[1]     ; op_result[1] ; 11.703 ; 11.631 ; 12.085 ; 12.013 ;
; op_a[1]     ; op_result[2] ; 12.492 ; 12.586 ; 12.867 ; 12.921 ;
; op_a[1]     ; op_result[3] ; 13.564 ; 13.516 ; 13.996 ; 13.982 ;
; op_a[1]     ; op_result[4] ; 13.317 ; 13.277 ; 13.901 ; 13.861 ;
; op_a[1]     ; op_result[5] ; 14.030 ; 13.938 ; 14.469 ; 14.432 ;
; op_a[1]     ; op_result[6] ; 12.034 ; 12.007 ; 12.618 ; 12.591 ;
; op_a[1]     ; op_result[7] ; 14.016 ; 14.045 ; 14.387 ; 14.416 ;
; op_a[2]     ; op_result[0] ; 12.615 ; 12.871 ; 13.381 ; 13.435 ;
; op_a[2]     ; op_result[1] ; 11.341 ; 11.318 ; 12.029 ; 11.957 ;
; op_a[2]     ; op_result[2] ; 12.437 ; 12.531 ; 12.900 ; 12.994 ;
; op_a[2]     ; op_result[3] ; 13.653 ; 13.677 ; 14.142 ; 14.037 ;
; op_a[2]     ; op_result[4] ; 13.558 ; 13.534 ; 14.047 ; 14.007 ;
; op_a[2]     ; op_result[5] ; 14.809 ; 14.717 ; 14.947 ; 14.855 ;
; op_a[2]     ; op_result[6] ; 12.787 ; 12.760 ; 13.138 ; 13.111 ;
; op_a[2]     ; op_result[7] ; 14.795 ; 14.824 ; 14.933 ; 14.962 ;
; op_a[3]     ; op_result[0] ; 13.355 ; 13.611 ; 13.784 ; 13.838 ;
; op_a[3]     ; op_result[1] ; 12.081 ; 12.058 ; 12.432 ; 12.360 ;
; op_a[3]     ; op_result[2] ; 11.675 ;        ;        ; 12.094 ;
; op_a[3]     ; op_result[3] ; 12.907 ; 12.839 ; 13.277 ; 13.200 ;
; op_a[3]     ; op_result[4] ; 12.812 ; 12.772 ; 13.182 ; 13.142 ;
; op_a[3]     ; op_result[5] ; 13.971 ; 13.879 ; 14.332 ; 14.240 ;
; op_a[3]     ; op_result[6] ; 11.949 ; 11.922 ; 12.349 ; 12.322 ;
; op_a[3]     ; op_result[7] ; 13.957 ; 13.986 ; 14.318 ; 14.347 ;
; op_b[0]     ; op_result[0] ; 13.014 ; 13.068 ; 13.405 ; 13.459 ;
; op_b[0]     ; op_result[1] ; 12.572 ; 12.511 ; 12.982 ; 12.921 ;
; op_b[0]     ; op_result[2] ; 12.513 ; 12.588 ; 12.949 ; 13.079 ;
; op_b[0]     ; op_result[3] ; 13.617 ; 13.603 ; 14.005 ; 13.991 ;
; op_b[0]     ; op_result[4] ; 13.522 ; 13.482 ; 13.910 ; 13.870 ;
; op_b[0]     ; op_result[5] ; 14.312 ; 14.220 ; 14.755 ; 14.663 ;
; op_b[0]     ; op_result[6] ; 12.317 ; 12.290 ; 12.733 ; 12.706 ;
; op_b[0]     ; op_result[7] ; 14.298 ; 14.327 ; 14.741 ; 14.770 ;
; op_b[1]     ; op_result[0] ; 13.506 ; 13.560 ; 13.863 ; 14.119 ;
; op_b[1]     ; op_result[1] ; 12.154 ; 12.082 ; 12.589 ; 12.566 ;
; op_b[1]     ; op_result[2] ; 12.398 ; 12.460 ; 12.828 ; 12.868 ;
; op_b[1]     ; op_result[3] ; 13.306 ; 13.292 ; 13.688 ; 13.674 ;
; op_b[1]     ; op_result[4] ; 13.211 ; 13.171 ; 13.593 ; 13.553 ;
; op_b[1]     ; op_result[5] ; 14.305 ; 14.213 ; 14.729 ; 14.637 ;
; op_b[1]     ; op_result[6] ; 12.327 ; 12.300 ; 12.707 ; 12.680 ;
; op_b[1]     ; op_result[7] ; 14.291 ; 14.320 ; 14.715 ; 14.744 ;
; op_b[2]     ; op_result[0] ; 13.469 ; 13.523 ; 13.805 ; 14.061 ;
; op_b[2]     ; op_result[1] ; 12.117 ; 12.045 ; 12.531 ; 12.508 ;
; op_b[2]     ; op_result[2] ; 12.080 ; 12.174 ; 12.582 ; 12.676 ;
; op_b[2]     ; op_result[3] ; 13.163 ; 13.149 ; 13.664 ; 13.616 ;
; op_b[2]     ; op_result[4] ; 13.068 ; 13.028 ; 13.514 ; 13.474 ;
; op_b[2]     ; op_result[5] ; 13.755 ; 13.695 ; 14.257 ; 14.197 ;
; op_b[2]     ; op_result[6] ; 12.334 ; 12.307 ; 12.836 ; 12.809 ;
; op_b[2]     ; op_result[7] ; 14.267 ; 14.296 ; 14.769 ; 14.798 ;
; op_b[3]     ; op_result[0] ; 13.379 ; 13.433 ; 13.700 ; 13.956 ;
; op_b[3]     ; op_result[1] ; 12.027 ; 11.955 ; 12.426 ; 12.403 ;
; op_b[3]     ; op_result[2] ; 12.001 ; 12.095 ; 12.374 ; 12.468 ;
; op_b[3]     ; op_result[3] ; 13.083 ; 13.068 ; 13.464 ; 13.450 ;
; op_b[3]     ; op_result[4] ; 12.987 ; 12.947 ; 13.369 ; 13.329 ;
; op_b[3]     ; op_result[5] ; 13.676 ; 13.616 ; 14.049 ; 13.989 ;
; op_b[3]     ; op_result[6] ; 12.255 ; 12.228 ; 12.628 ; 12.601 ;
; op_b[3]     ; op_result[7] ; 14.188 ; 14.217 ; 14.561 ; 14.590 ;
+-------------+--------------+--------+--------+--------+--------+


+------------------------------------------------------------+
; Minimum Progagation Delay                                  ;
+-------------+--------------+-------+-------+-------+-------+
; Input Port  ; Output Port  ; RR    ; RF    ; FR    ; FF    ;
+-------------+--------------+-------+-------+-------+-------+
; func_sel[0] ; op_result[0] ; 3.593 ; 3.615 ; 4.194 ; 4.235 ;
; func_sel[0] ; op_result[1] ; 3.923 ; 3.965 ; 4.547 ; 4.607 ;
; func_sel[0] ; op_result[2] ; 4.362 ; 4.531 ; 4.952 ; 5.116 ;
; func_sel[0] ; op_result[3] ; 4.248 ; 4.383 ; 4.897 ; 4.946 ;
; func_sel[0] ; op_result[4] ; 4.378 ; 4.498 ; 4.979 ; 5.099 ;
; func_sel[0] ; op_result[5] ; 4.594 ; 4.766 ; 5.194 ; 5.385 ;
; func_sel[0] ; op_result[6] ; 3.767 ; 3.821 ; 4.367 ; 4.440 ;
; func_sel[0] ; op_result[7] ; 4.500 ; 4.662 ; 5.100 ; 5.281 ;
; func_sel[1] ; op_result[0] ; 3.806 ; 3.826 ; 4.376 ; 4.424 ;
; func_sel[1] ; op_result[1] ; 3.969 ; 4.011 ; 4.559 ; 4.619 ;
; func_sel[1] ; op_result[2] ; 4.206 ; 4.346 ; 4.774 ; 4.933 ;
; func_sel[1] ; op_result[3] ; 3.888 ; 3.975 ; 4.499 ; 4.531 ;
; func_sel[1] ; op_result[4] ; 4.271 ; 4.398 ; 4.866 ; 4.977 ;
; func_sel[1] ; op_result[5] ; 4.631 ; 4.809 ; 5.222 ; 5.390 ;
; func_sel[1] ; op_result[6] ; 3.804 ; 3.864 ; 4.395 ; 4.445 ;
; func_sel[1] ; op_result[7] ; 4.537 ; 4.705 ; 5.128 ; 5.286 ;
; func_sel[2] ; op_result[0] ; 3.773 ; 3.835 ; 4.381 ; 4.409 ;
; func_sel[2] ; op_result[1] ; 3.566 ; 3.611 ; 4.146 ; 4.186 ;
; func_sel[2] ; op_result[2] ; 4.491 ; 4.662 ; 5.054 ; 5.244 ;
; func_sel[2] ; op_result[3] ; 4.225 ; 4.341 ; 4.792 ; 4.908 ;
; func_sel[2] ; op_result[4] ; 4.111 ; 4.227 ; 4.676 ; 4.811 ;
; func_sel[2] ; op_result[5] ; 4.530 ; 4.723 ; 5.144 ; 5.310 ;
; func_sel[2] ; op_result[6] ; 3.703 ; 3.778 ; 4.317 ; 4.365 ;
; func_sel[2] ; op_result[7] ; 4.436 ; 4.619 ; 5.050 ; 5.206 ;
; op_a[0]     ; op_result[0] ; 4.243 ; 4.301 ; 4.885 ; 4.918 ;
; op_a[0]     ; op_result[1] ; 4.594 ; 4.661 ; 5.185 ; 5.252 ;
; op_a[0]     ; op_result[2] ; 5.440 ; 5.652 ; 6.026 ; 6.238 ;
; op_a[0]     ; op_result[3] ; 4.909 ; 5.043 ; 5.496 ; 5.646 ;
; op_a[0]     ; op_result[4] ; 5.082 ; 5.202 ; 5.770 ; 5.885 ;
; op_a[0]     ; op_result[5] ; 5.685 ; 5.726 ; 6.177 ; 6.560 ;
; op_a[0]     ; op_result[6] ; 4.798 ; 4.726 ; 5.280 ; 5.604 ;
; op_a[0]     ; op_result[7] ; 5.606 ; 5.568 ; 6.013 ; 6.486 ;
; op_a[1]     ; op_result[0] ; 4.558 ; 4.981 ; 5.485 ; 5.169 ;
; op_a[1]     ; op_result[1] ; 3.822 ; 3.864 ; 4.372 ; 4.427 ;
; op_a[1]     ; op_result[2] ; 5.240 ; 5.469 ; 5.802 ; 6.020 ;
; op_a[1]     ; op_result[3] ; 4.566 ; 4.700 ; 5.091 ; 5.241 ;
; op_a[1]     ; op_result[4] ; 4.802 ; 4.922 ; 5.420 ; 5.540 ;
; op_a[1]     ; op_result[5] ; 5.325 ; 5.383 ; 5.772 ; 6.081 ;
; op_a[1]     ; op_result[6] ; 4.438 ; 4.383 ; 4.875 ; 5.101 ;
; op_a[1]     ; op_result[7] ; 5.246 ; 5.225 ; 5.608 ; 6.007 ;
; op_a[2]     ; op_result[0] ; 4.765 ; 4.885 ; 5.378 ; 5.425 ;
; op_a[2]     ; op_result[1] ; 4.963 ; 4.998 ; 5.447 ; 5.513 ;
; op_a[2]     ; op_result[2] ; 4.377 ; 5.025 ; 5.430 ; 5.117 ;
; op_a[2]     ; op_result[3] ; 4.771 ; 4.905 ; 5.351 ; 5.502 ;
; op_a[2]     ; op_result[4] ; 4.857 ; 4.977 ; 5.509 ; 5.624 ;
; op_a[2]     ; op_result[5] ; 5.447 ; 5.588 ; 5.998 ; 6.226 ;
; op_a[2]     ; op_result[6] ; 4.670 ; 4.588 ; 5.136 ; 5.378 ;
; op_a[2]     ; op_result[7] ; 5.478 ; 5.430 ; 5.869 ; 6.284 ;
; op_a[3]     ; op_result[0] ; 4.595 ; 5.018 ; 5.514 ; 5.215 ;
; op_a[3]     ; op_result[1] ; 4.855 ; 4.890 ; 5.313 ; 5.379 ;
; op_a[3]     ; op_result[2] ; 5.352 ;       ;       ; 5.957 ;
; op_a[3]     ; op_result[3] ; 4.170 ; 4.279 ; 4.718 ; 4.822 ;
; op_a[3]     ; op_result[4] ; 4.753 ; 4.873 ; 5.380 ; 5.495 ;
; op_a[3]     ; op_result[5] ; 5.307 ; 5.342 ; 5.745 ; 6.088 ;
; op_a[3]     ; op_result[6] ; 4.561 ; 4.342 ; 4.848 ; 5.240 ;
; op_a[3]     ; op_result[7] ; 5.369 ; 5.184 ; 5.581 ; 6.146 ;
; op_b[0]     ; op_result[0] ; 4.135 ; 4.145 ; 4.705 ; 4.752 ;
; op_b[0]     ; op_result[1] ; 4.440 ; 4.507 ; 5.006 ; 5.073 ;
; op_b[0]     ; op_result[2] ; 5.366 ; 5.079 ; 5.549 ; 6.192 ;
; op_b[0]     ; op_result[3] ; 4.682 ; 4.429 ; 4.892 ; 5.430 ;
; op_b[0]     ; op_result[4] ; 4.928 ; 5.048 ; 5.591 ; 5.706 ;
; op_b[0]     ; op_result[5] ; 5.363 ; 5.922 ; 6.274 ; 6.113 ;
; op_b[0]     ; op_result[6] ; 4.466 ; 4.942 ; 5.387 ; 5.113 ;
; op_b[0]     ; op_result[7] ; 5.199 ; 5.848 ; 6.195 ; 5.955 ;
; op_b[1]     ; op_result[0] ; 4.361 ; 4.240 ; 4.801 ; 5.025 ;
; op_b[1]     ; op_result[1] ; 3.713 ; 3.755 ; 4.258 ; 4.300 ;
; op_b[1]     ; op_result[2] ; 4.799 ; 5.017 ; 5.397 ; 5.599 ;
; op_b[1]     ; op_result[3] ; 4.537 ; 4.655 ; 5.132 ; 5.249 ;
; op_b[1]     ; op_result[4] ; 4.815 ; 4.938 ; 5.413 ; 5.574 ;
; op_b[1]     ; op_result[5] ; 5.058 ; 5.283 ; 5.641 ; 5.863 ;
; op_b[1]     ; op_result[6] ; 4.167 ; 4.286 ; 4.757 ; 4.860 ;
; op_b[1]     ; op_result[7] ; 4.826 ; 5.052 ; 5.393 ; 5.614 ;
; op_b[2]     ; op_result[0] ; 4.732 ; 4.279 ; 4.846 ; 5.382 ;
; op_b[2]     ; op_result[1] ; 4.608 ; 4.674 ; 5.326 ; 5.361 ;
; op_b[2]     ; op_result[2] ; 4.339 ; 4.739 ; 5.087 ; 5.093 ;
; op_b[2]     ; op_result[3] ; 4.322 ; 4.439 ; 4.882 ; 4.999 ;
; op_b[2]     ; op_result[4] ; 4.816 ; 4.936 ; 5.467 ; 5.582 ;
; op_b[2]     ; op_result[5] ; 5.207 ; 5.751 ; 6.135 ; 5.939 ;
; op_b[2]     ; op_result[6] ; 4.310 ; 4.771 ; 5.304 ; 4.939 ;
; op_b[2]     ; op_result[7] ; 5.043 ; 5.599 ; 5.968 ; 5.781 ;
; op_b[3]     ; op_result[0] ; 4.490 ; 4.204 ; 4.760 ; 5.126 ;
; op_b[3]     ; op_result[1] ; 4.304 ; 4.370 ; 4.979 ; 5.014 ;
; op_b[3]     ; op_result[2] ; 5.259 ; 5.471 ; 5.824 ; 6.036 ;
; op_b[3]     ; op_result[3] ; 4.250 ; 4.366 ; 4.782 ; 4.916 ;
; op_b[3]     ; op_result[4] ; 4.734 ; 4.854 ; 5.337 ; 5.452 ;
; op_b[3]     ; op_result[5] ; 5.086 ; 5.724 ; 6.095 ; 5.809 ;
; op_b[3]     ; op_result[6] ; 4.189 ; 4.744 ; 5.264 ; 4.809 ;
; op_b[3]     ; op_result[7] ; 4.922 ; 5.576 ; 5.914 ; 5.651 ;
+-------------+--------------+-------+-------+-------+-------+


+------------------------------------------------------------------------------------------------------------------------------------------------------------------------------------------------------------------------------------------------------------------------------------------------------------------------------------------------------------------+
; Board Trace Model Assignments                                                                                                                                                                                                                                                                                                                                    ;
+---------------+--------------+-------------------+-------------------------+-------------------------+---------------+---------------------+----------------+------------------+--------+------------------+------------------------+------------------------+--------------+---------------+-----------------+-------+---------------------+--------------------+
; Pin           ; I/O Standard ; Near Tline Length ; Near Tline L per Length ; Near Tline C per Length ; Near Series R ; Near Differential R ; Near Pull-up R ; Near Pull-down R ; Near C ; Far Tline Length ; Far Tline L per Length ; Far Tline C per Length ; Far Series R ; Far Pull-up R ; Far Pull-down R ; Far C ; Termination Voltage ; Far Differential R ;
+---------------+--------------+-------------------+-------------------------+-------------------------+---------------+---------------------+----------------+------------------+--------+------------------+------------------------+------------------------+--------------+---------------+-----------------+-------+---------------------+--------------------+
; op_result[0]  ; 2.5 V        ; 0 in              ; 0 H/in                  ; 0 F/in                  ; short         ; -                   ; open           ; open             ; open   ; 0 in             ; 0 H/in                 ; 0 F/in                 ; short        ; open          ; open            ; open  ; 0 V                 ; -                  ;
; op_result[1]  ; 2.5 V        ; 0 in              ; 0 H/in                  ; 0 F/in                  ; short         ; -                   ; open           ; open             ; open   ; 0 in             ; 0 H/in                 ; 0 F/in                 ; short        ; open          ; open            ; open  ; 0 V                 ; -                  ;
; op_result[2]  ; 2.5 V        ; 0 in              ; 0 H/in                  ; 0 F/in                  ; short         ; -                   ; open           ; open             ; open   ; 0 in             ; 0 H/in                 ; 0 F/in                 ; short        ; open          ; open            ; open  ; 0 V                 ; -                  ;
; op_result[3]  ; 2.5 V        ; 0 in              ; 0 H/in                  ; 0 F/in                  ; short         ; -                   ; open           ; open             ; open   ; 0 in             ; 0 H/in                 ; 0 F/in                 ; short        ; open          ; open            ; open  ; 0 V                 ; -                  ;
; op_result[4]  ; 2.5 V        ; 0 in              ; 0 H/in                  ; 0 F/in                  ; short         ; -                   ; open           ; open             ; open   ; 0 in             ; 0 H/in                 ; 0 F/in                 ; short        ; open          ; open            ; open  ; 0 V                 ; -                  ;
; op_result[5]  ; 2.5 V        ; 0 in              ; 0 H/in                  ; 0 F/in                  ; short         ; -                   ; open           ; open             ; open   ; 0 in             ; 0 H/in                 ; 0 F/in                 ; short        ; open          ; open            ; open  ; 0 V                 ; -                  ;
; op_result[6]  ; 2.5 V        ; 0 in              ; 0 H/in                  ; 0 F/in                  ; short         ; -                   ; open           ; open             ; open   ; 0 in             ; 0 H/in                 ; 0 F/in                 ; short        ; open          ; open            ; open  ; 0 V                 ; -                  ;
; op_result[7]  ; 2.5 V        ; 0 in              ; 0 H/in                  ; 0 F/in                  ; short         ; -                   ; open           ; open             ; open   ; 0 in             ; 0 H/in                 ; 0 F/in                 ; short        ; open          ; open            ; open  ; 0 V                 ; -                  ;
; ~ALTERA_DCLK~ ; 2.5 V        ; 0 in              ; 0 H/in                  ; 0 F/in                  ; short         ; -                   ; open           ; open             ; open   ; 0 in             ; 0 H/in                 ; 0 F/in                 ; short        ; open          ; open            ; open  ; 0 V                 ; -                  ;
; ~ALTERA_nCEO~ ; 2.5 V        ; 0 in              ; 0 H/in                  ; 0 F/in                  ; short         ; -                   ; open           ; open             ; open   ; 0 in             ; 0 H/in                 ; 0 F/in                 ; short        ; open          ; open            ; open  ; 0 V                 ; -                  ;
+---------------+--------------+-------------------+-------------------------+-------------------------+---------------+---------------------+----------------+------------------+--------+------------------+------------------------+------------------------+--------------+---------------+-----------------+-------+---------------------+--------------------+


+----------------------------------------------------------------------------+
; Input Transition Times                                                     ;
+-------------------------+--------------+-----------------+-----------------+
; Pin                     ; I/O Standard ; 10-90 Rise Time ; 90-10 Fall Time ;
+-------------------------+--------------+-----------------+-----------------+
; op_a[3]                 ; 2.5 V        ; 2000 ps         ; 2000 ps         ;
; op_b[1]                 ; 2.5 V        ; 2000 ps         ; 2000 ps         ;
; op_b[0]                 ; 2.5 V        ; 2000 ps         ; 2000 ps         ;
; op_a[2]                 ; 2.5 V        ; 2000 ps         ; 2000 ps         ;
; op_b[3]                 ; 2.5 V        ; 2000 ps         ; 2000 ps         ;
; op_b[2]                 ; 2.5 V        ; 2000 ps         ; 2000 ps         ;
; op_a[1]                 ; 2.5 V        ; 2000 ps         ; 2000 ps         ;
; op_a[0]                 ; 2.5 V        ; 2000 ps         ; 2000 ps         ;
; func_sel[1]             ; 2.5 V        ; 2000 ps         ; 2000 ps         ;
; func_sel[2]             ; 2.5 V        ; 2000 ps         ; 2000 ps         ;
; func_sel[0]             ; 2.5 V        ; 2000 ps         ; 2000 ps         ;
; ~ALTERA_ASDO_DATA1~     ; 2.5 V        ; 2000 ps         ; 2000 ps         ;
; ~ALTERA_FLASH_nCE_nCSO~ ; 2.5 V        ; 2000 ps         ; 2000 ps         ;
; ~ALTERA_DATA0~          ; 2.5 V        ; 2000 ps         ; 2000 ps         ;
+-------------------------+--------------+-----------------+-----------------+


+--------------------------------------------------------------------------------------------------------------------------------------------------------------------------------------------------------------------------------------------------------------------------------------------------------------------------------------------------------------------------------------------------------------------------------------------------------------------------------------------------------------------------------------------------------------------------------------------------------------------------------------------------------------------------------------------+
; Slow Corner Signal Integrity Metrics                                                                                                                                                                                                                                                                                                                                                                                                                                                                                                                                                                                                                                                       ;
+---------------+--------------+---------------------+---------------------+------------------------------+------------------------------+---------------------+---------------------+--------------------------------------+--------------------------------------+-----------------------------+-----------------------------+----------------------------+----------------------------+-----------------------------+-----------------------------+--------------------+--------------------+-------------------------------------+-------------------------------------+----------------------------+----------------------------+---------------------------+---------------------------+
; Pin           ; I/O Standard ; Board Delay on Rise ; Board Delay on Fall ; Steady State Voh at FPGA Pin ; Steady State Vol at FPGA Pin ; Voh Max at FPGA Pin ; Vol Min at FPGA Pin ; Ringback Voltage on Rise at FPGA Pin ; Ringback Voltage on Fall at FPGA Pin ; 10-90 Rise Time at FPGA Pin ; 90-10 Fall Time at FPGA Pin ; Monotonic Rise at FPGA Pin ; Monotonic Fall at FPGA Pin ; Steady State Voh at Far-end ; Steady State Vol at Far-end ; Voh Max at Far-end ; Vol Min at Far-end ; Ringback Voltage on Rise at Far-end ; Ringback Voltage on Fall at Far-end ; 10-90 Rise Time at Far-end ; 90-10 Fall Time at Far-end ; Monotonic Rise at Far-end ; Monotonic Fall at Far-end ;
+---------------+--------------+---------------------+---------------------+------------------------------+------------------------------+---------------------+---------------------+--------------------------------------+--------------------------------------+-----------------------------+-----------------------------+----------------------------+----------------------------+-----------------------------+-----------------------------+--------------------+--------------------+-------------------------------------+-------------------------------------+----------------------------+----------------------------+---------------------------+---------------------------+
; op_result[0]  ; 2.5 V        ; 0 s                 ; 0 s                 ; 2.32 V                       ; 2.38e-006 V                  ; 2.35 V              ; -0.00681 V          ; 0.127 V                              ; 0.013 V                              ; 4.74e-010 s                 ; 4.8e-010 s                  ; Yes                        ; Yes                        ; 2.32 V                      ; 2.38e-006 V                 ; 2.35 V             ; -0.00681 V         ; 0.127 V                             ; 0.013 V                             ; 4.74e-010 s                ; 4.8e-010 s                 ; Yes                       ; Yes                       ;
; op_result[1]  ; 2.5 V        ; 0 s                 ; 0 s                 ; 2.32 V                       ; 3.53e-006 V                  ; 2.35 V              ; -0.0103 V           ; 0.057 V                              ; 0.047 V                              ; 4.87e-010 s                 ; 5.01e-010 s                 ; Yes                        ; Yes                        ; 2.32 V                      ; 3.53e-006 V                 ; 2.35 V             ; -0.0103 V          ; 0.057 V                             ; 0.047 V                             ; 4.87e-010 s                ; 5.01e-010 s                ; Yes                       ; Yes                       ;
; op_result[2]  ; 2.5 V        ; 0 s                 ; 0 s                 ; 2.32 V                       ; 2.38e-006 V                  ; 2.34 V              ; -0.00907 V          ; 0.063 V                              ; 0.022 V                              ; 6.93e-010 s                 ; 6.75e-010 s                 ; Yes                        ; Yes                        ; 2.32 V                      ; 2.38e-006 V                 ; 2.34 V             ; -0.00907 V         ; 0.063 V                             ; 0.022 V                             ; 6.93e-010 s                ; 6.75e-010 s                ; Yes                       ; Yes                       ;
; op_result[3]  ; 2.5 V        ; 0 s                 ; 0 s                 ; 2.32 V                       ; 3.53e-006 V                  ; 2.35 V              ; -0.0103 V           ; 0.057 V                              ; 0.047 V                              ; 4.87e-010 s                 ; 5.01e-010 s                 ; Yes                        ; Yes                        ; 2.32 V                      ; 3.53e-006 V                 ; 2.35 V             ; -0.0103 V          ; 0.057 V                             ; 0.047 V                             ; 4.87e-010 s                ; 5.01e-010 s                ; Yes                       ; Yes                       ;
; op_result[4]  ; 2.5 V        ; 0 s                 ; 0 s                 ; 2.32 V                       ; 3.53e-006 V                  ; 2.35 V              ; -0.0103 V           ; 0.057 V                              ; 0.047 V                              ; 4.87e-010 s                 ; 5.01e-010 s                 ; Yes                        ; Yes                        ; 2.32 V                      ; 3.53e-006 V                 ; 2.35 V             ; -0.0103 V          ; 0.057 V                             ; 0.047 V                             ; 4.87e-010 s                ; 5.01e-010 s                ; Yes                       ; Yes                       ;
; op_result[5]  ; 2.5 V        ; 0 s                 ; 0 s                 ; 2.32 V                       ; 2.38e-006 V                  ; 2.34 V              ; -0.00907 V          ; 0.063 V                              ; 0.022 V                              ; 6.93e-010 s                 ; 6.75e-010 s                 ; Yes                        ; Yes                        ; 2.32 V                      ; 2.38e-006 V                 ; 2.34 V             ; -0.00907 V         ; 0.063 V                             ; 0.022 V                             ; 6.93e-010 s                ; 6.75e-010 s                ; Yes                       ; Yes                       ;
; op_result[6]  ; 2.5 V        ; 0 s                 ; 0 s                 ; 2.32 V                       ; 2.38e-006 V                  ; 2.34 V              ; -0.00907 V          ; 0.063 V                              ; 0.022 V                              ; 6.93e-010 s                 ; 6.75e-010 s                 ; Yes                        ; Yes                        ; 2.32 V                      ; 2.38e-006 V                 ; 2.34 V             ; -0.00907 V         ; 0.063 V                             ; 0.022 V                             ; 6.93e-010 s                ; 6.75e-010 s                ; Yes                       ; Yes                       ;
; op_result[7]  ; 2.5 V        ; 0 s                 ; 0 s                 ; 2.32 V                       ; 3.53e-006 V                  ; 2.35 V              ; -0.0103 V           ; 0.057 V                              ; 0.047 V                              ; 4.87e-010 s                 ; 5.01e-010 s                 ; Yes                        ; Yes                        ; 2.32 V                      ; 3.53e-006 V                 ; 2.35 V             ; -0.0103 V          ; 0.057 V                             ; 0.047 V                             ; 4.87e-010 s                ; 5.01e-010 s                ; Yes                       ; Yes                       ;
; ~ALTERA_DCLK~ ; 2.5 V        ; 0 s                 ; 0 s                 ; 2.32 V                       ; 1.9e-006 V                   ; 2.35 V              ; -0.00565 V          ; 0.095 V                              ; 0.011 V                              ; 4.53e-010 s                 ; 3.98e-010 s                 ; Yes                        ; Yes                        ; 2.32 V                      ; 1.9e-006 V                  ; 2.35 V             ; -0.00565 V         ; 0.095 V                             ; 0.011 V                             ; 4.53e-010 s                ; 3.98e-010 s                ; Yes                       ; Yes                       ;
; ~ALTERA_nCEO~ ; 2.5 V        ; 0 s                 ; 0 s                 ; 2.32 V                       ; 3.15e-006 V                  ; 2.34 V              ; -0.00717 V          ; 0.107 V                              ; 0.033 V                              ; 6.63e-010 s                 ; 8.55e-010 s                 ; Yes                        ; Yes                        ; 2.32 V                      ; 3.15e-006 V                 ; 2.34 V             ; -0.00717 V         ; 0.107 V                             ; 0.033 V                             ; 6.63e-010 s                ; 8.55e-010 s                ; Yes                       ; Yes                       ;
+---------------+--------------+---------------------+---------------------+------------------------------+------------------------------+---------------------+---------------------+--------------------------------------+--------------------------------------+-----------------------------+-----------------------------+----------------------------+----------------------------+-----------------------------+-----------------------------+--------------------+--------------------+-------------------------------------+-------------------------------------+----------------------------+----------------------------+---------------------------+---------------------------+


+--------------------------------------------------------------------------------------------------------------------------------------------------------------------------------------------------------------------------------------------------------------------------------------------------------------------------------------------------------------------------------------------------------------------------------------------------------------------------------------------------------------------------------------------------------------------------------------------------------------------------------------------------------------------------------------------+
; Fast Corner Signal Integrity Metrics                                                                                                                                                                                                                                                                                                                                                                                                                                                                                                                                                                                                                                                       ;
+---------------+--------------+---------------------+---------------------+------------------------------+------------------------------+---------------------+---------------------+--------------------------------------+--------------------------------------+-----------------------------+-----------------------------+----------------------------+----------------------------+-----------------------------+-----------------------------+--------------------+--------------------+-------------------------------------+-------------------------------------+----------------------------+----------------------------+---------------------------+---------------------------+
; Pin           ; I/O Standard ; Board Delay on Rise ; Board Delay on Fall ; Steady State Voh at FPGA Pin ; Steady State Vol at FPGA Pin ; Voh Max at FPGA Pin ; Vol Min at FPGA Pin ; Ringback Voltage on Rise at FPGA Pin ; Ringback Voltage on Fall at FPGA Pin ; 10-90 Rise Time at FPGA Pin ; 90-10 Fall Time at FPGA Pin ; Monotonic Rise at FPGA Pin ; Monotonic Fall at FPGA Pin ; Steady State Voh at Far-end ; Steady State Vol at Far-end ; Voh Max at Far-end ; Vol Min at Far-end ; Ringback Voltage on Rise at Far-end ; Ringback Voltage on Fall at Far-end ; 10-90 Rise Time at Far-end ; 90-10 Fall Time at Far-end ; Monotonic Rise at Far-end ; Monotonic Fall at Far-end ;
+---------------+--------------+---------------------+---------------------+------------------------------+------------------------------+---------------------+---------------------+--------------------------------------+--------------------------------------+-----------------------------+-----------------------------+----------------------------+----------------------------+-----------------------------+-----------------------------+--------------------+--------------------+-------------------------------------+-------------------------------------+----------------------------+----------------------------+---------------------------+---------------------------+
; op_result[0]  ; 2.5 V        ; 0 s                 ; 0 s                 ; 2.62 V                       ; 2.42e-009 V                  ; 2.75 V              ; -0.0597 V           ; 0.171 V                              ; 0.08 V                               ; 2.62e-010 s                 ; 2.38e-010 s                 ; No                         ; Yes                        ; 2.62 V                      ; 2.42e-009 V                 ; 2.75 V             ; -0.0597 V          ; 0.171 V                             ; 0.08 V                              ; 2.62e-010 s                ; 2.38e-010 s                ; No                        ; Yes                       ;
; op_result[1]  ; 2.5 V        ; 0 s                 ; 0 s                 ; 2.62 V                       ; 3.29e-009 V                  ; 2.75 V              ; -0.0553 V           ; 0.165 V                              ; 0.083 V                              ; 2.62e-010 s                 ; 2.44e-010 s                 ; Yes                        ; Yes                        ; 2.62 V                      ; 3.29e-009 V                 ; 2.75 V             ; -0.0553 V          ; 0.165 V                             ; 0.083 V                             ; 2.62e-010 s                ; 2.44e-010 s                ; Yes                       ; Yes                       ;
; op_result[2]  ; 2.5 V        ; 0 s                 ; 0 s                 ; 2.62 V                       ; 2.42e-009 V                  ; 2.73 V              ; -0.0571 V           ; 0.287 V                              ; 0.074 V                              ; 2.99e-010 s                 ; 3.27e-010 s                 ; No                         ; Yes                        ; 2.62 V                      ; 2.42e-009 V                 ; 2.73 V             ; -0.0571 V          ; 0.287 V                             ; 0.074 V                             ; 2.99e-010 s                ; 3.27e-010 s                ; No                        ; Yes                       ;
; op_result[3]  ; 2.5 V        ; 0 s                 ; 0 s                 ; 2.62 V                       ; 3.29e-009 V                  ; 2.75 V              ; -0.0553 V           ; 0.165 V                              ; 0.083 V                              ; 2.62e-010 s                 ; 2.44e-010 s                 ; Yes                        ; Yes                        ; 2.62 V                      ; 3.29e-009 V                 ; 2.75 V             ; -0.0553 V          ; 0.165 V                             ; 0.083 V                             ; 2.62e-010 s                ; 2.44e-010 s                ; Yes                       ; Yes                       ;
; op_result[4]  ; 2.5 V        ; 0 s                 ; 0 s                 ; 2.62 V                       ; 3.29e-009 V                  ; 2.75 V              ; -0.0553 V           ; 0.165 V                              ; 0.083 V                              ; 2.62e-010 s                 ; 2.44e-010 s                 ; Yes                        ; Yes                        ; 2.62 V                      ; 3.29e-009 V                 ; 2.75 V             ; -0.0553 V          ; 0.165 V                             ; 0.083 V                             ; 2.62e-010 s                ; 2.44e-010 s                ; Yes                       ; Yes                       ;
; op_result[5]  ; 2.5 V        ; 0 s                 ; 0 s                 ; 2.62 V                       ; 2.42e-009 V                  ; 2.73 V              ; -0.0571 V           ; 0.287 V                              ; 0.074 V                              ; 2.99e-010 s                 ; 3.27e-010 s                 ; No                         ; Yes                        ; 2.62 V                      ; 2.42e-009 V                 ; 2.73 V             ; -0.0571 V          ; 0.287 V                             ; 0.074 V                             ; 2.99e-010 s                ; 3.27e-010 s                ; No                        ; Yes                       ;
; op_result[6]  ; 2.5 V        ; 0 s                 ; 0 s                 ; 2.62 V                       ; 2.42e-009 V                  ; 2.73 V              ; -0.0571 V           ; 0.287 V                              ; 0.074 V                              ; 2.99e-010 s                 ; 3.27e-010 s                 ; No                         ; Yes                        ; 2.62 V                      ; 2.42e-009 V                 ; 2.73 V             ; -0.0571 V          ; 0.287 V                             ; 0.074 V                             ; 2.99e-010 s                ; 3.27e-010 s                ; No                        ; Yes                       ;
; op_result[7]  ; 2.5 V        ; 0 s                 ; 0 s                 ; 2.62 V                       ; 3.29e-009 V                  ; 2.75 V              ; -0.0553 V           ; 0.165 V                              ; 0.083 V                              ; 2.62e-010 s                 ; 2.44e-010 s                 ; Yes                        ; Yes                        ; 2.62 V                      ; 3.29e-009 V                 ; 2.75 V             ; -0.0553 V          ; 0.165 V                             ; 0.083 V                             ; 2.62e-010 s                ; 2.44e-010 s                ; Yes                       ; Yes                       ;
; ~ALTERA_DCLK~ ; 2.5 V        ; 0 s                 ; 0 s                 ; 2.62 V                       ; 1.95e-009 V                  ; 2.79 V              ; -0.0515 V           ; 0.184 V                              ; 0.063 V                              ; 2.64e-010 s                 ; 1.96e-010 s                 ; No                         ; Yes                        ; 2.62 V                      ; 1.95e-009 V                 ; 2.79 V             ; -0.0515 V          ; 0.184 V                             ; 0.063 V                             ; 2.64e-010 s                ; 1.96e-010 s                ; No                        ; Yes                       ;
; ~ALTERA_nCEO~ ; 2.5 V        ; 0 s                 ; 0 s                 ; 2.62 V                       ; 2.87e-009 V                  ; 2.73 V              ; -0.0179 V           ; 0.231 V                              ; 0.029 V                              ; 2.89e-010 s                 ; 4.54e-010 s                 ; Yes                        ; Yes                        ; 2.62 V                      ; 2.87e-009 V                 ; 2.73 V             ; -0.0179 V          ; 0.231 V                             ; 0.029 V                             ; 2.89e-010 s                ; 4.54e-010 s                ; Yes                       ; Yes                       ;
+---------------+--------------+---------------------+---------------------+------------------------------+------------------------------+---------------------+---------------------+--------------------------------------+--------------------------------------+-----------------------------+-----------------------------+----------------------------+----------------------------+-----------------------------+-----------------------------+--------------------+--------------------+-------------------------------------+-------------------------------------+----------------------------+----------------------------+---------------------------+---------------------------+


-------------------
; Clock Transfers ;
-------------------
No clock transfers to report.


---------------
; Report TCCS ;
---------------
No dedicated SERDES Transmitter circuitry present in device or used in design.


---------------
; Report RSKM ;
---------------
No dedicated SERDES Receiver circuitry present in device or used in design.


+------------------------------------------------+
; Unconstrained Paths                            ;
+---------------------------------+-------+------+
; Property                        ; Setup ; Hold ;
+---------------------------------+-------+------+
; Illegal Clocks                  ; 0     ; 0    ;
; Unconstrained Clocks            ; 0     ; 0    ;
; Unconstrained Input Ports       ; 11    ; 11   ;
; Unconstrained Input Port Paths  ; 88    ; 88   ;
; Unconstrained Output Ports      ; 8     ; 8    ;
; Unconstrained Output Port Paths ; 88    ; 88   ;
+---------------------------------+-------+------+


+------------------------------------+
; TimeQuest Timing Analyzer Messages ;
+------------------------------------+
Info: *******************************************************************
Info: Running Quartus II TimeQuest Timing Analyzer
    Info: Version 9.0 Build 132 02/25/2009 SJ Web Edition
    Info: Processing started: Mon Jan 08 09:54:35 2018
Info: Command: quartus_sta exe3 -c exe3
Info: qsta_default_script.tcl version: #3
Info: Core supply voltage is 1.2V
Info: Low junction temperature is -40 degrees C
Info: High junction temperature is 125 degrees C
Critical Warning: Synopsys Design Constraints File file not found: 'exe3.sdc'. A Synopsys Design Constraints File is required by the TimeQuest Timing Analyzer to get proper timing constraints. Without it, the Compiler will not properly optimize the design.
Info: No user constrained base clocks found in the design. Calling "derive_clocks -period 1.0"
Info: The command derive_clocks did not find any clocks to derive.  No clocks were created or changed.
Warning: No clocks defined in design.
Info: No clocks to report
Info: Analyzing Slow 1200mV 125C Model
Info: No fmax paths to report
Info: No setup paths to report
Info: No hold paths to report
Info: No recovery paths to report
Info: No removal paths to report
Info: No minimum pulse width or minimum period width checks to report
Info: The Metastability Analysis global option is set to OFF.
Info: No synchronizer chains to report.
Info: Analyzing Slow 1200mV -40C Model
Info: Started post-fitting delay annotation
Info: Delay annotation completed successfully
Info: No user constrained base clocks found in the design. Calling "derive_clocks -period 1.0"
Info: The command derive_clocks did not find any clocks to derive.  No clocks were created or changed.
Warning: No clocks defined in design.
Info: No fmax paths to report
Info: No setup paths to report
Info: No hold paths to report
Info: No recovery paths to report
Info: No removal paths to report
Info: No minimum pulse width or minimum period width checks to report
Info: The Metastability Analysis global option is set to OFF.
Info: No synchronizer chains to report.
Info: Analyzing Fast 1200mV -40C Model
Info: Started post-fitting delay annotation
Info: Delay annotation completed successfully
Info: No user constrained base clocks found in the design. Calling "derive_clocks -period 1.0"
Info: The command derive_clocks did not find any clocks to derive.  No clocks were created or changed.
Warning: No clocks defined in design.
Info: No setup paths to report
Info: No hold paths to report
Info: No recovery paths to report
Info: No removal paths to report
Info: No minimum pulse width or minimum period width checks to report
Info: The Metastability Analysis global option is set to OFF.
Info: No synchronizer chains to report.
Info: Design is not fully constrained for setup requirements
Info: Design is not fully constrained for hold requirements
Info: Quartus II TimeQuest Timing Analyzer was successful. 0 errors, 4 warnings
    Info: Peak virtual memory: 303 megabytes
    Info: Processing ended: Mon Jan 08 09:54:48 2018
    Info: Elapsed time: 00:00:13
    Info: Total CPU time (on all processors): 00:00:03


